Component: ARM Compiler 5.06 update 6 (build 750) Tool: armlink [4d35ed]

==============================================================================

Section Cross References

    main.o(.text) refers to delay.o(.text) for delay_init
    main.o(.text) refers to misc.o(.text) for NVIC_PriorityGroupConfig
    main.o(.text) refers to usart.o(.text) for uart_init
    main.o(.text) refers to uart4.o(.text) for uart4_Init
    main.o(.text) refers to lcd.o(.text) for LCD_Init
    main.o(.text) refers to oled.o(.text) for OLED_Init
    main.o(.text) refers to system_stm32f10x.o(.data) for SystemCoreClock
    main.o(.text) refers to usmart_config.o(.data) for usmart_dev
    main.o(.text) refers to openmv.o(.data) for get_color
    system_stm32f10x.o(.text) refers to system_stm32f10x.o(.data) for SystemCoreClock
    uart4.o(.text) refers to stm32f10x_rcc.o(.text) for RCC_APB1PeriphClockCmd
    uart4.o(.text) refers to stm32f10x_gpio.o(.text) for GPIO_Init
    uart4.o(.text) refers to misc.o(.text) for NVIC_Init
    uart4.o(.text) refers to stm32f10x_usart.o(.text) for USART_Init
    uart4.o(.text) refers to openmv.o(.text) for Openmv_Receive_Data
    uart4.o(.text) refers to uart4.o(.data) for count4
    uart4.o(.text) refers to uart4.o(.bss) for Tx4Buffer
    openmv.o(.text) refers to openmv.o(.bss) for openmv
    openmv.o(.text) refers to openmv.o(.data) for X_red_data
    lcd.o(.text) refers to _printf_percent.o(.ARM.Collect$$_printf_percent$$00000000) for _printf_percent
    lcd.o(.text) refers to _printf_x.o(.ARM.Collect$$_printf_percent$$0000000C) for _printf_x
    lcd.o(.text) refers to _printf_hex_int.o(.text) for _printf_longlong_hex
    lcd.o(.text) refers to delay.o(.text) for delay_us
    lcd.o(.text) refers to lcd.o(.bss) for lcddev
    lcd.o(.text) refers to lcd.o(.data) for POINT_COLOR
    lcd.o(.text) refers to dflt_clz.o(x$fpl$dfltu) for __aeabi_ui2d
    lcd.o(.text) refers to dmul.o(x$fpl$dmul) for __aeabi_dmul
    lcd.o(.text) refers to dfixu.o(x$fpl$dfixu) for __aeabi_d2uiz
    lcd.o(.text) refers to stm32f10x_rcc.o(.text) for RCC_AHBPeriphClockCmd
    lcd.o(.text) refers to stm32f10x_gpio.o(.text) for GPIO_Init
    lcd.o(.text) refers to stm32f10x_fsmc.o(.text) for FSMC_NORSRAMInit
    lcd.o(.text) refers to noretval__2printf.o(.text) for __2printf
    lcd.o(.text) refers to lcd.o(.constdata) for asc2_1206
    oled.o(.text) refers to stm32f10x_gpio.o(.text) for GPIO_SetBits
    oled.o(.text) refers to stm32f10x_rcc.o(.text) for RCC_APB2PeriphClockCmd
    oled.o(.text) refers to delay.o(.text) for delay_ms
    oled.o(.text) refers to oled.o(.constdata) for F8X16
    oled.o(.text) refers to oled.o(.data) for Hzk
    delay.o(.text) refers to misc.o(.text) for SysTick_CLKSourceConfig
    delay.o(.text) refers to system_stm32f10x.o(.data) for SystemCoreClock
    delay.o(.text) refers to delay.o(.data) for fac_us
    usart.o(.text) refers (Special) to use_no_semi_2.o(.text) for __use_no_semihosting
    usart.o(.text) refers to stm32f10x_rcc.o(.text) for RCC_APB2PeriphClockCmd
    usart.o(.text) refers to stm32f10x_gpio.o(.text) for GPIO_Init
    usart.o(.text) refers to misc.o(.text) for NVIC_Init
    usart.o(.text) refers to stm32f10x_usart.o(.text) for USART_Init
    usart.o(.text) refers to usart.o(.data) for USART_RX_STA
    usart.o(.text) refers to usart.o(.bss) for USART_RX_BUF
    usart.o(.bss) refers (Special) to use_no_semi_2.o(.text) for __use_no_semihosting
    usart.o(.data) refers (Special) to use_no_semi_2.o(.text) for __use_no_semihosting
    startup_stm32f10x_hd.o(STACK) refers (Special) to heapauxi.o(.text) for __use_two_region_memory
    startup_stm32f10x_hd.o(HEAP) refers (Special) to heapauxi.o(.text) for __use_two_region_memory
    startup_stm32f10x_hd.o(RESET) refers (Special) to heapauxi.o(.text) for __use_two_region_memory
    startup_stm32f10x_hd.o(RESET) refers to startup_stm32f10x_hd.o(STACK) for __initial_sp
    startup_stm32f10x_hd.o(RESET) refers to startup_stm32f10x_hd.o(.text) for Reset_Handler
    startup_stm32f10x_hd.o(RESET) refers to stm32f10x_it.o(.text) for NMI_Handler
    startup_stm32f10x_hd.o(RESET) refers to usmart.o(.text) for TIM4_IRQHandler
    startup_stm32f10x_hd.o(RESET) refers to usart.o(.text) for USART1_IRQHandler
    startup_stm32f10x_hd.o(RESET) refers to uart4.o(.text) for UART4_IRQHandler
    startup_stm32f10x_hd.o(.text) refers (Special) to heapauxi.o(.text) for __use_two_region_memory
    startup_stm32f10x_hd.o(.text) refers to system_stm32f10x.o(.text) for SystemInit
    startup_stm32f10x_hd.o(.text) refers to __main.o(!!!main) for __main
    startup_stm32f10x_hd.o(.text) refers to startup_stm32f10x_hd.o(HEAP) for Heap_Mem
    startup_stm32f10x_hd.o(.text) refers to startup_stm32f10x_hd.o(STACK) for Stack_Mem
    stm32f10x_gpio.o(.text) refers to stm32f10x_rcc.o(.text) for RCC_APB2PeriphResetCmd
    stm32f10x_rcc.o(.text) refers to stm32f10x_rcc.o(.data) for APBAHBPrescTable
[...]
    ../clib/printf.c                         0x00000000   Number         0  _printf_pad.o ABSOLUTE
    ../clib/printf.c                         0x00000000   Number         0  __printf.o ABSOLUTE
    ../clib/printf.c                         0x00000000   Number         0  noretval__2printf.o ABSOLUTE
    ../clib/printf.c                         0x00000000   Number         0  __2printf.o ABSOLUTE
    ../clib/printf.c                         0x00000000   Number         0  __printf_nopercent.o ABSOLUTE
    ../clib/printf.c                         0x00000000   Number         0  __printf_flags_wp.o ABSOLUTE
    ../clib/printf.c                         0x00000000   Number         0  _printf_char_common.o ABSOLUTE
    ../clib/printf.c                         0x00000000   Number         0  _printf_hex_int.o ABSOLUTE
    ../clib/printf.c                         0x00000000   Number         0  _printf_char_file.o ABSOLUTE
    ../clib/printf.c                         0x00000000   Number         0  _printf_char.o ABSOLUTE
    ../clib/printf.c                         0x00000000   Number         0  _printf_intcommon.o ABSOLUTE
    ../clib/printf.c                         0x00000000   Number         0  _printf_hex_int_ll.o ABSOLUTE
    ../clib/printf.c                         0x00000000   Number         0  _printf_hex_ptr.o ABSOLUTE
    ../clib/printf.c                         0x00000000   Number         0  _printf_hex_int_ptr.o ABSOLUTE
    ../clib/printf.c                         0x00000000   Number         0  _printf_hex_ll_ptr.o ABSOLUTE
    ../clib/printf.c                         0x00000000   Number         0  _printf_hex_int_ll_ptr.o ABSOLUTE
    ../clib/printf.c                         0x00000000   Number         0  __printf_flags.o ABSOLUTE
    ../clib/printf.c                         0x00000000   Number         0  __printf_flags_ss.o ABSOLUTE
    ../clib/printf.c                         0x00000000   Number         0  __printf_wp.o ABSOLUTE
    ../clib/printf_percent.s                 0x00000000   Number         0  _printf_d.o ABSOLUTE
    ../clib/printf_percent.s                 0x00000000   Number         0  _printf_percent_end.o ABSOLUTE
    ../clib/printf_percent.s                 0x00000000   Number         0  _printf_percent.o ABSOLUTE
    ../clib/printf_percent.s                 0x00000000   Number         0  _printf_c.o ABSOLUTE
    ../clib/printf_percent.s                 0x00000000   Number         0  _printf_s.o ABSOLUTE
    ../clib/printf_percent.s                 0x00000000   Number         0  _printf_u.o ABSOLUTE
    ../clib/printf_percent.s                 0x00000000   Number         0  _printf_x.o ABSOLUTE
    ../clib/signal.c                         0x00000000   Number         0  defsig_cppl_inner.o ABSOLUTE
    ../clib/signal.c                         0x00000000   Number         0  defsig_segv_inner.o ABSOLUTE
    ../clib/signal.c                         0x00000000   Number         0  defsig_exit.o ABSOLUTE
    ../clib/signal.c                         0x00000000   Number         0  __raise.o ABSOLUTE
    ../clib/signal.c                         0x00000000   Number         0  defsig_general.o ABSOLUTE
    ../clib/signal.c                         0x00000000   Number         0  defsig_abrt_inner.o ABSOLUTE
    ../clib/signal.c                         0x00000000   Number         0  defsig_rtmem_formal.o ABSOLUTE
    ../clib/signal.c                         0x00000000   Number         0  defsig_fpe_inner.o ABSOLUTE
    ../clib/signal.c                         0x00000000   Number         0  defsig_rtred_inner.o ABSOLUTE
    ../clib/signal.c                         0x00000000   Number         0  defsig_stak_inner.o ABSOLUTE
    ../clib/signal.c                         0x00000000   Number         0  defsig_rtmem_inner.o ABSOLUTE
    ../clib/signal.c                         0x00000000   Number         0  defsig_other.o ABSOLUTE
    ../clib/signal.c                         0x00000000   Number         0  defsig_pvfn_inner.o ABSOLUTE
    ../clib/signal.c                         0x00000000   Number         0  defsig_rtmem_outer.o ABSOLUTE
    ../clib/signal.s                         0x00000000   Number         0  defsig.o ABSOLUTE
    ../clib/stdio.c                          0x00000000   Number         0  ferror_locked.o ABSOLUTE
    ../clib/stdio.c                          0x00000000   Number         0  ferror.o ABSOLUTE
    ../clib/stdlib.c                         0x00000000   Number         0  exit.o ABSOLUTE
    ../fplib/dfixu.s                         0x00000000   Number         0  dfixu.o ABSOLUTE
    ../fplib/dflt.s                          0x00000000   Number         0  dflt_clz.o ABSOLUTE
    ../fplib/dmul.s                          0x00000000   Number         0  dmul.o ABSOLUTE
    ../fplib/dnaninf.s                       0x00000000   Number         0  dnaninf.o ABSOLUTE
    ../fplib/dretinf.s                       0x00000000   Number         0  dretinf.o ABSOLUTE
    ../fplib/fpinit.s                        0x00000000   Number         0  fpinit.o ABSOLUTE
    ../fplib/usenofp.s                       0x00000000   Number         0  usenofp.o ABSOLUTE
    ..\CORE\core_cm3.c                       0x00000000   Number         0  core_cm3.o ABSOLUTE
    ..\CORE\startup_stm32f10x_hd.s           0x00000000   Number         0  startup_stm32f10x_hd.o ABSOLUTE
    ..\HARDWARE\LCD\lcd.c                    0x00000000   Number         0  lcd.o ABSOLUTE
    ..\HARDWARE\OLED\oled.c                  0x00000000   Number         0  oled.o ABSOLUTE
    ..\HARDWARE\openmv\openmv.c              0x00000000   Number         0  openmv.o ABSOLUTE
    ..\HARDWARE\uart4\uart4.c                0x00000000   Number         0  uart4.o ABSOLUTE
    ..\STM32F10x_FWLib\src\misc.c            0x00000000   Number         0  misc.o ABSOLUTE
    ..\STM32F10x_FWLib\src\stm32f10x_exti.c  0x00000000   Number         0  stm32f10x_exti.o ABSOLUTE
    ..\STM32F10x_FWLib\src\stm32f10x_flash.c 0x00000000   Number         0  stm32f10x_flash.o ABSOLUTE
    ..\STM32F10x_FWLib\src\stm32f10x_fsmc.c  0x00000000   Number         0  stm32f10x_fsmc.o ABSOLUTE
    ..\STM32F10x_FWLib\src\stm32f10x_gpio.c  0x00000000   Number         0  stm32f10x_gpio.o ABSOLUTE
    ..\STM32F10x_FWLib\src\stm32f10x_i2c.c   0x00000000   Number         0  stm32f10x_i2c.o ABSOLUTE
    ..\STM32F10x_FWLib\src\stm32f10x_iwdg.c  0x00000000   Number         0  stm32f10x_iwdg.o ABSOLUTE
    ..\STM32F10x_FWLib\src\stm32f10x_rcc.c   0x00000000   Number         0  stm32f10x_rcc.o ABSOLUTE
    ..\STM32F10x_FWLib\src\stm32f10x_tim.c   0x00000000   Number         0  stm32f10x_tim.o ABSOLUTE
    ..\STM32F10x_FWLib\src\stm32f10x_usart.c 0x00000000   Number         0  stm32f10x_usart.o ABSOLUTE
    ..\STM32F10x_FWLib\src\stm32f10x_wwdg.c  0x00000000   Number         0  stm32f10x_wwdg.o ABSOLUTE
    ..\SYSTEM\delay\delay.c                  0x00000000   Number         0  delay.o ABSOLUTE
    ..\SYSTEM\sys\sys.c                      0x00000000   Number         0  sys.o ABSOLUTE
    ..\SYSTEM\usart\usart.c                  0x00000000   Number         0  usart.o ABSOLUTE
    ..\USMART\usmart.c                       0x00000000   Number         0  usmart.o ABSOLUTE
    ..\USMART\usmart_config.c                0x00000000   Number         0  usmart_config.o ABSOLUTE
    ..\USMART\usmart_str.c                   0x00000000   Number         0  usmart_str.o ABSOLUTE
    ..\\CORE\\core_cm3.c                     0x00000000   Number         0  core_cm3.o ABSOLUTE
    ..\\SYSTEM\\sys\\sys.c                   0x00000000   Number         0  sys.o ABSOLUTE
    dc.s                                     0x00000000   Number         0  dc.o ABSOLUTE
    main.c                                   0x00000000   Number         0  main.o ABSOLUTE
    stm32f10x_it.c                           0x00000000   Number         0  stm32f10x_it.o ABSOLUTE
    system_stm32f10x.c                       0x00000000   Number         0  system_stm32f10x.o ABSOLUTE
    RESET                                    0x08000000   Section      304  startup_stm32f10x_hd.o(RESET)
    !!!main                                  0x08000130   Section        8  __main.o(!!!main)
    !!!scatter                               0x08000138   Section       52  __scatter.o(!!!scatter)
    !!dczerorl2                              0x0800016c   Section       90  __dczerorl2.o(!!dczerorl2)
    !!handler_zi                             0x080001c8   Section       28  __scatter_zi.o(!!handler_zi)
    .ARM.Collect$$_printf_percent$$00000000  0x080001e4   Section        0  _printf_percent.o(.ARM.Collect$$_printf_percent$$00000000)
    .ARM.Collect$$_printf_percent$$00000009  0x080001e4   Section        6  _printf_d.o(.ARM.Collect$$_printf_percent$$00000009)
    .ARM.Collect$$_printf_percent$$0000000A  0x080001ea   Section        6  _printf_u.o(.ARM.Collect$$_printf_percent$$0000000A)
    .ARM.Collect$$_printf_percent$$0000000C  0x080001f0   Section        6  _printf_x.o(.ARM.Collect$$_printf_percent$$0000000C)
    .ARM.Collect$$_printf_percent$$00000013  0x080001f6   Section        6  _printf_c.o(.ARM.Collect$$_printf_percent$$00000013)
    .ARM.Collect$$_printf_percent$$00000014  0x080001fc   Section        6  _printf_s.o(.ARM.Collect$$_printf_percent$$00000014)
    .ARM.Collect$$_printf_percent$$00000017  0x08000202   Section        4  _printf_percent_end.o(.ARM.Collect$$_printf_percent$$00000017)
    .ARM.Collect$$libinit$$00000000          0x08000206   Section        2  libinit.o(.ARM.Collect$$libinit$$00000000)
    .ARM.Collect$$libinit$$00000002          0x08000208   Section        0  libinit2.o(.ARM.Collect$$libinit$$00000002)
    .ARM.Collect$$libinit$$00000004          0x08000208   Section        0  libinit2.o(.ARM.Collect$$libinit$$00000004)
    .ARM.Collect$$libinit$$0000000A          0x08000208   Section        0  libinit2.o(.ARM.Collect$$libinit$$0000000A)
    .ARM.Collect$$libinit$$0000000C          0x08000208   Section        0  libinit2.o(.ARM.Collect$$libinit$$0000000C)
    .ARM.Collect$$libinit$$0000000E          0x08000208   Section        0  libinit2.o(.ARM.Collect$$libinit$$0000000E)
    .ARM.Collect$$libinit$$00000011          0x08000208   Section        0  libinit2.o(.ARM.Collect$$libinit$$00000011)
    .ARM.Collect$$libinit$$00000013          0x08000208   Section        0  libinit2.o(.ARM.Collect$$libinit$$00000013)
    .ARM.Collect$$libinit$$00000015          0x08000208   Section        0  libinit2.o(.ARM.Collect$$libinit$$00000015)
    .ARM.Collect$$libinit$$00000017          0x08000208   Section        0  libinit2.o(.ARM.Collect$$libinit$$00000017)
    .ARM.Collect$$libinit$$00000019          0x08000208   Section        0  libinit2.o(.ARM.Collect$$libinit$$00000019)
    .ARM.Collect$$libinit$$0000001B          0x08000208   Section        0  libinit2.o(.ARM.Collect$$libinit$$0000001B)
    .ARM.Collect$$libinit$$0000001D          0x08000208   Section        0  libinit2.o(.ARM.Collect$$libinit$$0000001D)
    .ARM.Collect$$libinit$$0000001F          0x08000208   Section        0  libinit2.o(.ARM.Collect$$libinit$$0000001F)
    .ARM.Collect$$libinit$$00000021          0x08000208   Section        0  libinit2.o(.ARM.Collect$$libinit$$00000021)
    .ARM.Collect$$libinit$$00000023          0x08000208   Section        0  libinit2.o(.ARM.Collect$$libinit$$00000023)
    .ARM.Collect$$libinit$$00000025          0x08000208   Section        0  libinit2.o(.ARM.Collect$$libinit$$00000025)
    .ARM.Collect$$libinit$$0000002C          0x08000208   Section        0  libinit2.o(.ARM.Collect$$libinit$$0000002C)
    .ARM.Collect$$libinit$$0000002E          0x08000208   Section        0  libinit2.o(.ARM.Collect$$libinit$$0000002E)
    .ARM.Collect$$libinit$$00000030          0x08000208   Section        0  libinit2.o(.ARM.Collect$$libinit$$00000030)
    .ARM.Collect$$libinit$$00000032          0x08000208   Section        0  libinit2.o(.ARM.Collect$$libinit$$00000032)
    .ARM.Collect$$libinit$$00000033          0x08000208   Section        2  libinit2.o(.ARM.Collect$$libinit$$00000033)
    .ARM.Collect$$libshutdown$$00000000      0x0800020a   Section        2  libshutdown.o(.ARM.Collect$$libshutdown$$00000000)
    .ARM.Collect$$libshutdown$$00000002      0x0800020c   Section        0  libshutdown2.o(.ARM.Collect$$libshutdown$$00000002)
    .ARM.Collect$$libshutdown$$00000004      0x0800020c   Section        0  libshutdown2.o(.ARM.Collect$$libshutdown$$00000004)
    .ARM.Collect$$libshutdown$$00000007      0x0800020c   Section        0  libshutdown2.o(.ARM.Collect$$libshutdown$$00000007)
    .ARM.Collect$$libshutdown$$0000000A      0x0800020c   Section        0  libshutdown2.o(.ARM.Collect$$libshutdown$$0000000A)
    .ARM.Collect$$libshutdown$$0000000C      0x0800020c   Section        0  libshutdown2.o(.ARM.Collect$$libshutdown$$0000000C)
    .ARM.Collect$$libshutdown$$0000000F      0x0800020c   Section        0  libshutdown2.o(.ARM.Collect$$libshutdown$$0000000F)
    .ARM.Collect$$libshutdown$$00000010      0x0800020c   Section        2  libshutdown2.o(.ARM.Collect$$libshutdown$$00000010)
    .ARM.Collect$$rtentry$$00000000          0x0800020e   Section        0  __rtentry.o(.ARM.Collect$$rtentry$$00000000)
    .ARM.Collect$$rtentry$$00000002          0x0800020e   Section        0  __rtentry2.o(.ARM.Collect$$rtentry$$00000002)
    .ARM.Collect$$rtentry$$00000004          0x0800020e   Section        6  __rtentry4.o(.ARM.Collect$$rtentry$$00000004)
    .ARM.Collect$$rtentry$$00000009          0x08000214   Section        0  __rtentry2.o(.ARM.Collect$$rtentry$$00000009)
    .ARM.Collect$$rtentry$$0000000A          0x08000214   Section        4  __rtentry2.o(.ARM.Collect$$rtentry$$0000000A)
    .ARM.Collect$$rtentry$$0000000C          0x08000218   Section        0  __rtentry2.o(.ARM.Collect$$rtentry$$0000000C)
    .ARM.Collect$$rtentry$$0000000D          0x08000218   Section        8  __rtentry2.o(.ARM.Collect$$rtentry$$0000000D)
    .ARM.Collect$$rtexit$$00000000           0x08000220   Section        2  rtexit.o(.ARM.Collect$$rtexit$$00000000)
    .ARM.Collect$$rtexit$$00000002           0x08000222   Section        0  rtexit2.o(.ARM.Collect$$rtexit$$00000002)
    .ARM.Collect$$rtexit$$00000003           0x08000222   Section        4  rtexit2.o(.ARM.Collect$$rtexit$$00000003)
    .ARM.Collect$$rtexit$$00000004           0x08000226   Section        6  rtexit2.o(.ARM.Collect$$rtexit$$00000004)
    .text                                    0x0800022c   Section        0  main.o(.text)
    .text                                    0x080003f0   Section        0  stm32f10x_it.o(.text)
    .text                                    0x0800040c   Section        0  system_stm32f10x.o(.text)
    SetSysClockTo72                          0x0800040d   Thumb Code   214  system_stm32f10x.o(.text)
    SetSysClock                              0x080004e3   Thumb Code     8  system_stm32f10x.o(.text)
    .text                                    0x080005ec   Section        0  uart4.o(.text)
    .text                                    0x08000754   Section        0  openmv.o(.text)
    .text                                    0x0800099c   Section        0  lcd.o(.text)
    .text                                    0x080053f8   Section        0  oled.o(.text)
    .text                                    0x080058b4   Section        0  delay.o(.text)
    .text                                    0x08005988   Section        0  usart.o(.text)
    .text                                    0x08005ac8   Section       64  startup_stm32f10x_hd.o(.text)
    .text                                    0x08005b08   Section        0  misc.o(.text)
    .text                                    0x08005be4   Section        0  stm32f10x_gpio.o(.text)
    .text                                    0x08005f40   Section        0  stm32f10x_rcc.o(.text)
    .text                                    0x080062e4   Section        0  stm32f10x_usart.o(.text)
    .text                                    0x080066ec   Section        0  stm32f10x_fsmc.o(.text)
    .text                                    0x08006cf8   Section        0  stm32f10x_tim.o(.text)
    TI4_Config                               0x0800719f   Thumb Code   130  stm32f10x_tim.o(.text)
    TI3_Config                               0x08007233   Thumb Code   122  stm32f10x_tim.o(.text)
    TI2_Config                               0x080072c7   Thumb Code   130  stm32f10x_tim.o(.text)
    TI1_Config                               0x0800735b   Thumb Code   108  stm32f10x_tim.o(.text)
    .text                                    0x08007b14   Section        0  usmart.o(.text)
    .text                                    0x0800874c   Section        0  usmart_str.o(.text)
    .text                                    0x08008c74   Section        2  use_no_semi_2.o(.text)
    .text                                    0x08008c78   Section        0  noretval__2printf.o(.text)
    .text                                    0x08008c90   Section        0  _printf_pad.o(.text)
    .text                                    0x08008cde   Section        0  _printf_str.o(.text)
    .text                                    0x08008d30   Section        0  _printf_dec.o(.text)
    .text                                    0x08008da8   Section        0  _printf_hex_int.o(.text)
    .text                                    0x08008e00   Section        0  __printf_flags_ss_wp.o(.text)
    .text                                    0x08008f88   Section        0  heapauxi.o(.text)
    .text                                    0x08008f8e   Section        2  use_no_semi.o(.text)
    .text                                    0x08008f90   Section        0  _printf_intcommon.o(.text)
    .text                                    0x08009042   Section        0  _printf_char.o(.text)
    .text                                    0x08009070   Section        0  _printf_char_file.o(.text)
    .text                                    0x08009094   Section        0  _printf_char_common.o(.text)
    _printf_input_char                       0x08009095   Thumb Code    10  _printf_char_common.o(.text)
    .text                                    0x080090c4   Section        0  ferror.o(.text)
    .text                                    0x080090cc   Section       74  sys_stackheap_outer.o(.text)
    .text                                    0x08009116   Section        0  exit.o(.text)
    .text                                    0x08009128   Section        8  libspace.o(.text)
    i._is_digit                              0x08009130   Section        0  __printf_wp.o(i._is_digit)
    x$fpl$dfixu                              0x08009140   Section       90  dfixu.o(x$fpl$dfixu)
    x$fpl$dfltu                              0x0800919a   Section       38  dflt_clz.o(x$fpl$dfltu)
    x$fpl$dmul                               0x080091c0   Section      340  dmul.o(x$fpl$dmul)
    x$fpl$dnaninf                            0x08009314   Section      156  dnaninf.o(x$fpl$dnaninf)
    x$fpl$dretinf                            0x080093b0   Section       12  dretinf.o(x$fpl$dretinf)
    .constdata                               0x080093bc   Section     6080  lcd.o(.constdata)
    x$fpl$usenofp                            0x080093bc   Section        0  usenofp.o(x$fpl$usenofp)
    .constdata                               0x0800ab7c   Section     2072  oled.o(.constdata)
    .constdata                               0x0800b394   Section       40  _printf_hex_int.o(.constdata)
    uc_hextab                                0x0800b394   Data          20  _printf_hex_int.o(.constdata)
    lc_hextab                                0x0800b3a8   Data          20  _printf_hex_int.o(.constdata)
    .constdata                               0x0800b3bc   Section       17  __printf_flags_ss_wp.o(.constdata)
    maptable                                 0x0800b3bc   Data          17  __printf_flags_ss_wp.o(.constdata)
    .conststring                             0x0800b3d0   Section       40  usmart.o(.conststring)
    .conststring                             0x0800b3f8   Section      503  usmart_config.o(.conststring)
    .data                                    0x20000000   Section       20  system_stm32f10x.o(.data)
    .data                                    0x20000014   Section        2  uart4.o(.data)
    .data                                    0x20000018   Section       21  openmv.o(.data)
    state                                    0x2000002c   Data           1  openmv.o(.data)
    .data                                    0x2000002e   Section        4  lcd.o(.data)
    .data                                    0x20000032   Section      448  oled.o(.data)
    .data                                    0x200001f2   Section        4  delay.o(.data)
    fac_us                                   0x200001f2   Data           1  delay.o(.data)
    fac_ms                                   0x200001f4   Data           2  delay.o(.data)
    .data                                    0x200001f8   Section        6  usart.o(.data)
    .data                                    0x200001fe   Section       20  stm32f10x_rcc.o(.data)
    APBAHBPrescTable                         0x200001fe   Data          16  stm32f10x_rcc.o(.data)
    ADCPrescTable                            0x2000020e   Data           4  stm32f10x_rcc.o(.data)
    .data                                    0x20000214   Section       28  usmart.o(.data)
    .data                                    0x20000230   Section      340  usmart_config.o(.data)
    .bss                                     0x20000384   Section      256  uart4.o(.bss)
    .bss                                     0x20000484   Section       72  openmv.o(.bss)
    .bss                                     0x200004cc   Section       14  lcd.o(.bss)
    .bss                                     0x200004da   Section      200  usart.o(.bss)
    .bss                                     0x200005a4   Section       96  libspace.o(.bss)
    HEAP                                     0x20000608   Section      512  startup_stm32f10x_hd.o(HEAP)
    Heap_Mem                                 0x20000608   Data         512  startup_stm32f10x_hd.o(HEAP)
    STACK                                    0x20000808   Section     1024  startup_stm32f10x_hd.o(STACK)
    Stack_Mem                                0x20000808   Data        1024  startup_stm32f10x_hd.o(STACK)
    __initial_sp                             0x20000c08   Data           0  startup_stm32f10x_hd.o(STACK)

    Global Symbols

    Symbol Name                              Value     Ov Type        Size  Object(Section)

    BuildAttributes$$THM_ISAv4$P$D$K$B$S$PE$A:L22UL41UL21$X:L11$S22US41US21$IEEE1$IW$USESV6$~STKCKD$USESV7$~SHL$OSPACE$ROPI$EBA8$UX$STANDARDLIB$REQ8$PRES8$EABIv2 0x00000000   Number         0  anon$$obj.o ABSOLUTE
    __ARM_use_no_argv                        0x00000000   Number         0  main.o ABSOLUTE
    _printf_flags                            0x00000000   Number         0  printf_stubs.o ABSOLUTE
    _printf_return_value                     0x00000000   Number         0  printf_stubs.o ABSOLUTE
    _printf_sizespec                         0x00000000   Number         0  printf_stubs.o ABSOLUTE
    _printf_widthprec                        0x00000000   Number         0  printf_stubs.o ABSOLUTE
    __ARM_exceptions_init                     - Undefined Weak Reference
    __alloca_initialize                       - Undefined Weak Reference
    __arm_preinit_                            - Undefined Weak Reference
    __cpp_initialize__aeabi_                  - Undefined Weak Reference
    __cxa_finalize                            - Undefined Weak Reference
    __rt_locale                               - Undefined Weak Reference
    __sigvec_lookup                           - Undefined Weak Reference
    _atexit_init                              - Undefined Weak Reference
    _call_atexit_fns                          - Undefined Weak Reference
    _clock_init                               - Undefined Weak Reference
    _fp_trap_init                             - Undefined Weak Reference
    _fp_trap_shutdown                         - Undefined Weak Reference
    _get_lc_collate                           - Undefined Weak Reference
    _get_lc_ctype                             - Undefined Weak Reference
    _get_lc_monetary                          - Undefined Weak Reference
    _get_lc_numeric                           - Undefined Weak Reference
    _get_lc_time                              - Undefined Weak Reference
    _getenv_init                              - Undefined Weak Reference
    _handle_redirection                       - Undefined Weak Reference
    _init_alloc                               - Undefined Weak Reference
    _init_user_alloc                          - Undefined Weak Reference
    _initio                                   - Undefined Weak Reference
    _mutex_acquire                            - Undefined Weak Reference
    _mutex_release                            - Undefined Weak Reference
    _printf_mbtowc                            - Undefined Weak Reference
    _printf_truncate_signed                   - Undefined Weak Reference
    _printf_truncate_unsigned                 - Undefined Weak Reference
    _rand_init                                - Undefined Weak Reference
    _signal_finish                            - Undefined Weak Reference
    _signal_init                              - Undefined Weak Reference
    _terminate_alloc                          - Undefined Weak Reference
    _terminate_user_alloc                     - Undefined Weak Reference
    _terminateio                              - Undefined Weak Reference
    __Vectors_Size                           0x00000130   Number         0  startup_stm32f10x_hd.o ABSOLUTE
    __Vectors                                0x08000000   Data           4  startup_stm32f10x_hd.o(RESET)
    __Vectors_End                            0x08000130   Data           0  startup_stm32f10x_hd.o(RESET)
    __main                                   0x08000131   Thumb Code     8  __main.o(!!!main)
    __scatterload                            0x08000139   Thumb Code     0  __scatter.o(!!!scatter)
    __scatterload_rt2                        0x08000139   Thumb Code    44  __scatter.o(!!!scatter)
    __scatterload_rt2_thumb_only             0x08000139   Thumb Code     0  __scatter.o(!!!scatter)
    __scatterload_null                       0x08000147   Thumb Code     0  __scatter.o(!!!scatter)
    __decompress                             0x0800016d   Thumb Code    90  __dczerorl2.o(!!dczerorl2)
    __decompress1                            0x0800016d   Thumb Code     0  __dczerorl2.o(!!dczerorl2)
    __scatterload_zeroinit                   0x080001c9   Thumb Code    28  __scatter_zi.o(!!handler_zi)
    _printf_d                                0x080001e5   Thumb Code     0  _printf_d.o(.ARM.Collect$$_printf_percent$$00000009)
    _printf_percent                          0x080001e5   Thumb Code     0  _printf_percent.o(.ARM.Collect$$_printf_percent$$00000000)
    _printf_u                                0x080001eb   Thumb Code     0  _printf_u.o(.ARM.Collect$$_printf_percent$$0000000A)
    _printf_x                                0x080001f1   Thumb Code     0  _printf_x.o(.ARM.Collect$$_printf_percent$$0000000C)
    _printf_c                                0x080001f7   Thumb Code     0  _printf_c.o(.ARM.Collect$$_printf_percent$$00000013)
    _printf_s                                0x080001fd   Thumb Code     0  _printf_s.o(.ARM.Collect$$_printf_percent$$00000014)
    _printf_percent_end                      0x08000203   Thumb Code     0  _printf_percent_end.o(.ARM.Collect$$_printf_percent$$00000017)
    __rt_lib_init                            0x08000207   Thumb Code     0  libinit.o(.ARM.Collect$$libinit$$00000000)
    __rt_lib_init_alloca_1                   0x08000209   Thumb Code     0  libinit2.o(.ARM.Collect$$libinit$$0000002E)
    __rt_lib_init_argv_1                     0x08000209   Thumb Code     0  libinit2.o(.ARM.Collect$$libinit$$0000002C)
    __rt_lib_init_atexit_1                   0x08000209   Thumb Code     0  libinit2.o(.ARM.Collect$$libinit$$0000001B)
    __rt_lib_init_clock_1                    0x08000209   Thumb Code     0  libinit2.o(.ARM.Collect$$libinit$$00000021)
    __rt_lib_init_cpp_1                      0x08000209   Thumb Code     0  libinit2.o(.ARM.Collect$$libinit$$00000032)
    __rt_lib_init_exceptions_1               0x08000209   Thumb Code     0  libinit2.o(.ARM.Collect$$libinit$$00000030)
    __rt_lib_init_fp_1                       0x08000209   Thumb Code     0  libinit2.o(.ARM.Collect$$libinit$$00000002)
    __rt_lib_init_fp_trap_1                  0x08000209   Thumb Code     0  libinit2.o(.ARM.Collect$$libinit$$0000001F)
    __rt_lib_init_getenv_1                   0x08000209   Thumb Code     0  libinit2.o(.ARM.Collect$$libinit$$00000023)
    __rt_lib_init_heap_1                     0x08000209   Thumb Code     0  libinit2.o(.ARM.Collect$$libinit$$0000000A)
    __rt_lib_init_lc_collate_1               0x08000209   Thumb Code     0  libinit2.o(.ARM.Collect$$libinit$$00000011)
    __rt_lib_init_lc_ctype_1                 0x08000209   Thumb Code     0  libinit2.o(.ARM.Collect$$libinit$$00000013)
    __rt_lib_init_lc_monetary_1              0x08000209   Thumb Code     0  libinit2.o(.ARM.Collect$$libinit$$00000015)
    __rt_lib_init_lc_numeric_1               0x08000209   Thumb Code     0  libinit2.o(.ARM.Collect$$libinit$$00000017)
    __rt_lib_init_lc_time_1                  0x08000209   Thumb Code     0  libinit2.o(.ARM.Collect$$libinit$$00000019)
    __rt_lib_init_preinit_1                  0x08000209   Thumb Code     0  libinit2.o(.ARM.Collect$$libinit$$00000004)
    __rt_lib_init_rand_1                     0x08000209   Thumb Code     0  libinit2.o(.ARM.Collect$$libinit$$0000000E)
    __rt_lib_init_return                     0x08000209   Thumb Code     0  libinit2.o(.ARM.Collect$$libinit$$00000033)
    __rt_lib_init_signal_1                   0x08000209   Thumb Code     0  libinit2.o(.ARM.Collect$$libinit$$0000001D)
    __rt_lib_init_stdio_1                    0x08000209   Thumb Code     0  libinit2.o(.ARM.Collect$$libinit$$00000025)
    __rt_lib_init_user_alloc_1               0x08000209   Thumb Code     0  libinit2.o(.ARM.Collect$$libinit$$0000000C)
    __rt_lib_shutdown                        0x0800020b   Thumb Code     0  libshutdown.o(.ARM.Collect$$libshutdown$$00000000)
    __rt_lib_shutdown_cpp_1                  0x0800020d   Thumb Code     0  libshutdown2.o(.ARM.Collect$$libshutdown$$00000002)
    __rt_lib_shutdown_fp_trap_1              0x0800020d   Thumb Code     0  libshutdown2.o(.ARM.Collect$$libshutdown$$00000007)
    __rt_lib_shutdown_heap_1                 0x0800020d   Thumb Code     0  libshutdown2.o(.ARM.Collect$$libshutdown$$0000000F)
    __rt_lib_shutdown_return                 0x0800020d   Thumb Code     0  libshutdown2.o(.ARM.Collect$$libshutdown$$00000010)
    __rt_lib_shutdown_signal_1               0x0800020d   Thumb Code     0  libshutdown2.o(.ARM.Collect$$libshutdown$$0000000A)
    __rt_lib_shutdown_stdio_1                0x0800020d   Thumb Code     0  libshutdown2.o(.ARM.Collect$$libshutdown$$00000004)
    __rt_lib_shutdown_user_alloc_1           0x0800020d   Thumb Code     0  libshutdown2.o(.ARM.Collect$$libshutdown$$0000000C)
    __rt_entry                               0x0800020f   Thumb Code     0  __rtentry.o(.ARM.Collect$$rtentry$$00000000)
    __rt_entry_presh_1                       0x0800020f   Thumb Code     0  __rtentry2.o(.ARM.Collect$$rtentry$$00000002)
    __rt_entry_sh                            0x0800020f   Thumb Code     0  __rtentry4.o(.ARM.Collect$$rtentry$$00000004)
    __rt_entry_li                            0x08000215   Thumb Code     0  __rtentry2.o(.ARM.Collect$$rtentry$$0000000A)
    __rt_entry_postsh_1                      0x08000215   Thumb Code     0  __rtentry2.o(.ARM.Collect$$rtentry$$00000009)
    __rt_entry_main                          0x08000219   Thumb Code     0  __rtentry2.o(.ARM.Collect$$rtentry$$0000000D)
    __rt_entry_postli_1                      0x08000219   Thumb Code     0  __rtentry2.o(.ARM.Collect$$rtentry$$0000000C)
    __rt_exit                                0x08000221   Thumb Code     0  rtexit.o(.ARM.Collect$$rtexit$$00000000)
    __rt_exit_ls                             0x08000223   Thumb Code     0  rtexit2.o(.ARM.Collect$$rtexit$$00000003)
    __rt_exit_prels_1                        0x08000223   Thumb Code     0  rtexit2.o(.ARM.Collect$$rtexit$$00000002)
    __rt_exit_exit                           0x08000227   Thumb Code     0  rtexit2.o(.ARM.Collect$$rtexit$$00000004)
    main                                     0x0800022d   Thumb Code   434  main.o(.text)
    NMI_Handler                              0x080003f1   Thumb Code     2  stm32f10x_it.o(.text)
    HardFault_Handler                        0x080003f3   Thumb Code     4  stm32f10x_it.o(.text)
    MemManage_Handler                        0x080003f7   Thumb Code     4  stm32f10x_it.o(.text)
    BusFault_Handler                         0x080003fb   Thumb Code     4  stm32f10x_it.o(.text)
    UsageFault_Handler                       0x080003ff   Thumb Code     4  stm32f10x_it.o(.text)
    SVC_Handler                              0x08000403   Thumb Code     2  stm32f10x_it.o(.text)
    DebugMon_Handler                         0x08000405   Thumb Code     2  stm32f10x_it.o(.text)
    PendSV_Handler                           0x08000407   Thumb Code     2  stm32f10x_it.o(.text)
    SysTick_Handler                          0x08000409   Thumb Code     2  stm32f10x_it.o(.text)
    SystemInit                               0x080004eb   Thumb Code    78  system_stm32f10x.o(.text)
    SystemCoreClockUpdate                    0x08000539   Thumb Code   142  system_stm32f10x.o(.text)
    uart4_Init                               0x080005ed   Thumb Code   170  uart4.o(.text)
    uart4_SendByte                           0x08000697   Thumb Code    62  uart4.o(.text)
    UART4_IRQHandler                         0x080006d5   Thumb Code   106  uart4.o(.text)
    Openmv_Data                              0x08000755   Thumb Code    72  openmv.o(.text)
    Openmv_Receive_Data                      0x0800079d   Thumb Code   470  openmv.o(.text)
    LCD_WR_REG                               0x0800099d   Thumb Code     6  lcd.o(.text)
    LCD_WR_DATA                              0x080009a3   Thumb Code     8  lcd.o(.text)
    LCD_RD_DATA                              0x080009ab   Thumb Code    16  lcd.o(.text)
    LCD_WriteReg                             0x080009bb   Thumb Code    10  lcd.o(.text)
    LCD_ReadReg                              0x080009c5   Thumb Code    22  lcd.o(.text)
    LCD_WriteRAM_Prepare                     0x080009db   Thumb Code    10  lcd.o(.text)
    LCD_WriteRAM                             0x080009e5   Thumb Code     8  lcd.o(.text)
    LCD_BGR2RGB                              0x080009ed   Thumb Code    26  lcd.o(.text)
    opt_delay                                0x08000a07   Thumb Code    14  lcd.o(.text)
    LCD_SetCursor                            0x08000a15   Thumb Code   418  lcd.o(.text)
    LCD_ReadPoint                            0x08000bb7   Thumb Code   360  lcd.o(.text)
    LCD_DisplayOn                            0x08000d1f   Thumb Code   102  lcd.o(.text)
    LCD_DisplayOff                           0x08000d85   Thumb Code    90  lcd.o(.text)
    LCD_Scan_Dir                             0x08000ddf   Thumb Code   744  lcd.o(.text)
    LCD_DrawPoint                            0x080010c7   Thumb Code    28  lcd.o(.text)
    LCD_Fast_DrawPoint                       0x080010e3   Thumb Code   384  lcd.o(.text)
    LCD_SSD_BackLightSet                     0x08001263   Thumb Code    80  lcd.o(.text)
    LCD_Display_Dir                          0x080012b3   Thumb Code   444  lcd.o(.text)
    LCD_Set_Window                           0x0800146f   Thumb Code   540  lcd.o(.text)
    LCD_Clear                                0x0800168b   Thumb Code   100  lcd.o(.text)
    LCD_Init                                 0x080016ef   Thumb Code 14190  lcd.o(.text)
    LCD_Fill                                 0x08004e5d   Thumb Code   178  lcd.o(.text)
    LCD_Color_Fill                           0x08004f0f   Thumb Code   106  lcd.o(.text)
    LCD_DrawLine                             0x08004f79   Thumb Code   176  lcd.o(.text)
    LCD_DrawRectangle                        0x08005029   Thumb Code    60  lcd.o(.text)
    LCD_Draw_Circle                          0x08005065   Thumb Code   152  lcd.o(.text)
    LCD_ShowChar                             0x080050fd   Thumb Code   272  lcd.o(.text)
    LCD_Pow                                  0x0800520d   Thumb Code    22  lcd.o(.text)
    LCD_ShowNum                              0x08005223   Thumb Code   148  lcd.o(.text)
    LCD_ShowxNum                             0x080052b7   Thumb Code   220  lcd.o(.text)
    LCD_ShowString                           0x08005393   Thumb Code   102  lcd.o(.text)
    OLED_WR_Byte                             0x080053f9   Thumb Code   108  oled.o(.text)
    OLED_Set_Pos                             0x08005465   Thumb Code    48  oled.o(.text)
    OLED_Display_On                          0x08005495   Thumb Code    28  oled.o(.text)
    OLED_Display_Off                         0x080054b1   Thumb Code    28  oled.o(.text)
    OLED_Clear                               0x080054cd   Thumb Code    64  oled.o(.text)
    OLED_ShowChar                            0x0800550d   Thumb Code   106  oled.o(.text)
    oled_pow                                 0x08005577   Thumb Code    22  oled.o(.text)
    OLED_ShowNum                             0x0800558d   Thumb Code   132  oled.o(.text)
    OLED_ShowString                          0x08005611   Thumb Code    54  oled.o(.text)
    OLED_ShowCHinese                         0x08005647   Thumb Code    98  oled.o(.text)
    OLED_DrawBMP                             0x080056a9   Thumb Code   118  oled.o(.text)
    OLED_Init                                0x0800571f   Thumb Code   404  oled.o(.text)
    delay_init                               0x080058b5   Thumb Code    50  delay.o(.text)
    delay_us                                 0x080058e7   Thumb Code    72  delay.o(.text)
    delay_ms                                 0x0800592f   Thumb Code    72  delay.o(.text)
    _sys_exit                                0x08005989   Thumb Code     6  usart.o(.text)
    fputc                                    0x0800598f   Thumb Code    24  usart.o(.text)
    uart_init                                0x080059a7   Thumb Code   152  usart.o(.text)
    USART1_IRQHandler                        0x08005a3f   Thumb Code   122  usart.o(.text)
    Reset_Handler                            0x08005ac9   Thumb Code     8  startup_stm32f10x_hd.o(.text)
    ADC1_2_IRQHandler                        0x08005ae3   Thumb Code     0  startup_stm32f10x_hd.o(.text)
    ADC3_IRQHandler                          0x08005ae3   Thumb Code     0  startup_stm32f10x_hd.o(.text)
    CAN1_RX1_IRQHandler                      0x08005ae3   Thumb Code     0  startup_stm32f10x_hd.o(.text)
    CAN1_SCE_IRQHandler                      0x08005ae3   Thumb Code     0  startup_stm32f10x_hd.o(.text)
    DMA1_Channel1_IRQHandler                 0x08005ae3   Thumb Code     0  startup_stm32f10x_hd.o(.text)
    DMA1_Channel2_IRQHandler                 0x08005ae3   Thumb Code     0  startup_stm32f10x_hd.o(.text)
    DMA1_Channel3_IRQHandler                 0x08005ae3   Thumb Code     0  startup_stm32f10x_hd.o(.text)
    DMA1_Channel4_IRQHandler                 0x08005ae3   Thumb Code     0  startup_stm32f10x_hd.o(.text)
    DMA1_Channel5_IRQHandler                 0x08005ae3   Thumb Code     0  startup_stm32f10x_hd.o(.text)
    DMA1_Channel6_IRQHandler                 0x08005ae3   Thumb Code     0  startup_stm32f10x_hd.o(.text)
    DMA1_Channel7_IRQHandler                 0x08005ae3   Thumb Code     0  startup_stm32f10x_hd.o(.text)
    DMA2_Channel1_IRQHandler                 0x08005ae3   Thumb Code     0  startup_stm32f10x_hd.o(.text)
    DMA2_Channel2_IRQHandler                 0x08005ae3   Thumb Code     0  startup_stm32f10x_hd.o(.text)
    DMA2_Channel3_IRQHandler                 0x08005ae3   Thumb Code     0  startup_stm32f10x_hd.o(.text)
    DMA2_Channel4_5_IRQHandler               0x08005ae3   Thumb Code     0  startup_stm32f10x_hd.o(.text)
    EXTI0_IRQHandler                         0x08005ae3   Thumb Code     0  startup_stm32f10x_hd.o(.text)
    EXTI15_10_IRQHandler                     0x08005ae3   Thumb Code     0  startup_stm32f10x_hd.o(.text)
    EXTI1_IRQHandler                         0x08005ae3   Thumb Code     0  startup_stm32f10x_hd.o(.text)
    EXTI2_IRQHandler                         0x08005ae3   Thumb Code     0  startup_stm32f10x_hd.o(.text)
    EXTI3_IRQHandler                         0x08005ae3   Thumb Code     0  startup_stm32f10x_hd.o(.text)
    EXTI4_IRQHandler                         0x08005ae3   Thumb Code     0  startup_stm32f10x_hd.o(.text)
    EXTI9_5_IRQHandler                       0x08005ae3   Thumb Code     0  startup_stm32f10x_hd.o(.text)
    FLASH_IRQHandler                         0x08005ae3   Thumb Code     0  startup_stm32f10x_hd.o(.text)
    FSMC_IRQHandler                          0x08005ae3   Thumb Code     0  startup_stm32f10x_hd.o(.text)
    I2C1_ER_IRQHandler                       0x08005ae3   Thumb Code     0  startup_stm32f10x_hd.o(.text)
    I2C1_EV_IRQHandler                       0x08005ae3   Thumb Code     0  startup_stm32f10x_hd.o(.text)
    I2C2_ER_IRQHandler                       0x08005ae3   Thumb Code     0  startup_stm32f10x_hd.o(.text)
    I2C2_EV_IRQHandler                       0x08005ae3   Thumb Code     0  startup_stm32f10x_hd.o(.text)
    PVD_IRQHandler                           0x08005ae3   Thumb Code     0  startup_stm32f10x_hd.o(.text)
    RCC_IRQHandler                           0x08005ae3   Thumb Code     0  startup_stm32f10x_hd.o(.text)
    RTCAlarm_IRQHandler                      0x08005ae3   Thumb Code     0  startup_stm32f10x_hd.o(.text)
    RTC_IRQHandler                           0x08005ae3   Thumb Code     0  startup_stm32f10x_hd.o(.text)
    SDIO_IRQHandler                          0x08005ae3   Thumb Code     0  startup_stm32f10x_hd.o(.text)
    SPI1_IRQHandler                          0x08005ae3   Thumb Code     0  startup_stm32f10x_hd.o(.text)
    SPI2_IRQHandler                          0x08005ae3   Thumb Code     0  startup_stm32f10x_hd.o(.text)
    SPI3_IRQHandler                          0x08005ae3   Thumb Code     0  startup_stm32f10x_hd.o(.text)
    TAMPER_IRQHandler                        0x08005ae3   Thumb Code     0  startup_stm32f10x_hd.o(.text)
    TIM1_BRK_IRQHandler                      0x08005ae3   Thumb Code     0  startup_stm32f10x_hd.o(.text)
    TIM1_CC_IRQHandler                       0x08005ae3   Thumb Code     0  startup_stm32f10x_hd.o(.text)
    TIM1_TRG_COM_IRQHandler                  0x08005ae3   Thumb Code     0  startup_stm32f10x_hd.o(.text)
    TIM1_UP_IRQHandler                       0x08005ae3   Thumb Code     0  startup_stm32f10x_hd.o(.text)
    TIM2_IRQHandler                          0x08005ae3   Thumb Code     0  startup_stm32f10x_hd.o(.text)
    TIM3_IRQHandler                          0x08005ae3   Thumb Code     0  startup_stm32f10x_hd.o(.text)
    TIM5_IRQHandler                          0x08005ae3   Thumb Code     0  startup_stm32f10x_hd.o(.text)
    TIM6_IRQHandler                          0x08005ae3   Thumb Code     0  startup_stm32f10x_hd.o(.text)
    TIM7_IRQHandler                          0x08005ae3   Thumb Code     0  startup_stm32f10x_hd.o(.text)
    TIM8_BRK_IRQHandler                      0x08005ae3   Thumb Code     0  startup_stm32f10x_hd.o(.text)
    TIM8_CC_IRQHandler                       0x08005ae3   Thumb Code     0  startup_stm32f10x_hd.o(.text)
    TIM8_TRG_COM_IRQHandler                  0x08005ae3   Thumb Code     0  startup_stm32f10x_hd.o(.text)
    TIM8_UP_IRQHandler                       0x08005ae3   Thumb Code     0  startup_stm32f10x_hd.o(.text)
    UART5_IRQHandler                         0x08005ae3   Thumb Code     0  startup_stm32f10x_hd.o(.text)
    USART2_IRQHandler                        0x08005ae3   Thumb Code     0  startup_stm32f10x_hd.o(.text)
    USART3_IRQHandler                        0x08005ae3   Thumb Code     0  startup_stm32f10x_hd.o(.text)
    USBWakeUp_IRQHandler                     0x08005ae3   Thumb Code     0  startup_stm32f10x_hd.o(.text)
    USB_HP_CAN1_TX_IRQHandler                0x08005ae3   Thumb Code     0  startup_stm32f10x_hd.o(.text)
    USB_LP_CAN1_RX0_IRQHandler               0x08005ae3   Thumb Code     0  startup_stm32f10x_hd.o(.text)
    WWDG_IRQHandler                          0x08005ae3   Thumb Code     0  startup_stm32f10x_hd.o(.text)
    __user_initial_stackheap                 0x08005ae5   Thumb Code     0  startup_stm32f10x_hd.o(.text)
    NVIC_PriorityGroupConfig                 0x08005b09   Thumb Code    10  misc.o(.text)
    NVIC_Init                                0x08005b13   Thumb Code   100  misc.o(.text)
    NVIC_SetVectorTable                      0x08005b77   Thumb Code    14  misc.o(.text)
    NVIC_SystemLPConfig                      0x08005b85   Thumb Code    34  misc.o(.text)
    SysTick_CLKSourceConfig                  0x08005ba7   Thumb Code    40  misc.o(.text)
    GPIO_DeInit                              0x08005be5   Thumb Code   172  stm32f10x_gpio.o(.text)
    GPIO_AFIODeInit                          0x08005c91   Thumb Code    20  stm32f10x_gpio.o(.text)
    GPIO_Init                                0x08005ca5   Thumb Code   278  stm32f10x_gpio.o(.text)
    GPIO_StructInit                          0x08005dbb   Thumb Code    16  stm32f10x_gpio.o(.text)
    GPIO_ReadInputDataBit                    0x08005dcb   Thumb Code    18  stm32f10x_gpio.o(.text)
    GPIO_ReadInputData                       0x08005ddd   Thumb Code     8  stm32f10x_gpio.o(.text)
    GPIO_ReadOutputDataBit                   0x08005de5   Thumb Code    18  stm32f10x_gpio.o(.text)
    GPIO_ReadOutputData                      0x08005df7   Thumb Code     8  stm32f10x_gpio.o(.text)
    GPIO_SetBits                             0x08005dff   Thumb Code     4  stm32f10x_gpio.o(.text)
    GPIO_ResetBits                           0x08005e03   Thumb Code     4  stm32f10x_gpio.o(.text)
    GPIO_WriteBit                            0x08005e07   Thumb Code    10  stm32f10x_gpio.o(.text)
    GPIO_Write                               0x08005e11   Thumb Code     4  stm32f10x_gpio.o(.text)
    GPIO_PinLockConfig                       0x08005e15   Thumb Code    18  stm32f10x_gpio.o(.text)
    GPIO_EventOutputConfig                   0x08005e27   Thumb Code    26  stm32f10x_gpio.o(.text)
    GPIO_EventOutputCmd                      0x08005e41   Thumb Code     6  stm32f10x_gpio.o(.text)
    GPIO_PinRemapConfig                      0x08005e47   Thumb Code   138  stm32f10x_gpio.o(.text)
    GPIO_EXTILineConfig                      0x08005ed1   Thumb Code    66  stm32f10x_gpio.o(.text)
    GPIO_ETH_MediaInterfaceConfig            0x08005f13   Thumb Code     8  stm32f10x_gpio.o(.text)
    RCC_DeInit                               0x08005f41   Thumb Code    64  stm32f10x_rcc.o(.text)
    RCC_HSEConfig                            0x08005f81   Thumb Code    70  stm32f10x_rcc.o(.text)
    RCC_GetFlagStatus                        0x08005fc7   Thumb Code    56  stm32f10x_rcc.o(.text)
    RCC_WaitForHSEStartUp                    0x08005fff   Thumb Code    56  stm32f10x_rcc.o(.text)
    RCC_AdjustHSICalibrationValue            0x08006037   Thumb Code    20  stm32f10x_rcc.o(.text)
    RCC_HSICmd                               0x0800604b   Thumb Code     6  stm32f10x_rcc.o(.text)
    RCC_PLLConfig                            0x08006051   Thumb Code    24  stm32f10x_rcc.o(.text)
    RCC_PLLCmd                               0x08006069   Thumb Code     6  stm32f10x_rcc.o(.text)
    RCC_SYSCLKConfig                         0x0800606f   Thumb Code    18  stm32f10x_rcc.o(.text)
    RCC_GetSYSCLKSource                      0x08006081   Thumb Code    10  stm32f10x_rcc.o(.text)
    RCC_HCLKConfig                           0x0800608b   Thumb Code    18  stm32f10x_rcc.o(.text)
    RCC_PCLK1Config                          0x0800609d   Thumb Code    18  stm32f10x_rcc.o(.text)
    RCC_PCLK2Config                          0x080060af   Thumb Code    20  stm32f10x_rcc.o(.text)
    RCC_ITConfig                             0x080060c3   Thumb Code    26  stm32f10x_rcc.o(.text)
    RCC_USBCLKConfig                         0x080060dd   Thumb Code     8  stm32f10x_rcc.o(.text)
    RCC_ADCCLKConfig                         0x080060e5   Thumb Code    18  stm32f10x_rcc.o(.text)
    RCC_LSEConfig                            0x080060f7   Thumb Code    50  stm32f10x_rcc.o(.text)
    RCC_LSICmd                               0x08006129   Thumb Code     6  stm32f10x_rcc.o(.text)
    RCC_RTCCLKConfig                         0x0800612f   Thumb Code    12  stm32f10x_rcc.o(.text)
    RCC_RTCCLKCmd                            0x0800613b   Thumb Code     8  stm32f10x_rcc.o(.text)
    RCC_GetClocksFreq                        0x08006143   Thumb Code   192  stm32f10x_rcc.o(.text)
    RCC_AHBPeriphClockCmd                    0x08006203   Thumb Code    26  stm32f10x_rcc.o(.text)
    RCC_APB2PeriphClockCmd                   0x0800621d   Thumb Code    26  stm32f10x_rcc.o(.text)
    RCC_APB1PeriphClockCmd                   0x08006237   Thumb Code    26  stm32f10x_rcc.o(.text)
    RCC_APB2PeriphResetCmd                   0x08006251   Thumb Code    26  stm32f10x_rcc.o(.text)
    RCC_APB1PeriphResetCmd                   0x0800626b   Thumb Code    26  stm32f10x_rcc.o(.text)
    RCC_BackupResetCmd                       0x08006285   Thumb Code     8  stm32f10x_rcc.o(.text)
    RCC_ClockSecuritySystemCmd               0x0800628d   Thumb Code     6  stm32f10x_rcc.o(.text)
    RCC_MCOConfig                            0x08006293   Thumb Code     6  stm32f10x_rcc.o(.text)
    RCC_ClearFlag                            0x08006299   Thumb Code    14  stm32f10x_rcc.o(.text)
    RCC_GetITStatus                          0x080062a7   Thumb Code    20  stm32f10x_rcc.o(.text)
    RCC_ClearITPendingBit                    0x080062bb   Thumb Code     6  stm32f10x_rcc.o(.text)
    USART_DeInit                             0x080062e5   Thumb Code   134  stm32f10x_usart.o(.text)
    USART_Init                               0x0800636b   Thumb Code   210  stm32f10x_usart.o(.text)
    USART_StructInit                         0x0800643d   Thumb Code    24  stm32f10x_usart.o(.text)
    USART_ClockInit                          0x08006455   Thumb Code    34  stm32f10x_usart.o(.text)
    USART_ClockStructInit                    0x08006477   Thumb Code    12  stm32f10x_usart.o(.text)
    USART_Cmd                                0x08006483   Thumb Code    24  stm32f10x_usart.o(.text)
    USART_ITConfig                           0x0800649b   Thumb Code    74  stm32f10x_usart.o(.text)
    USART_DMACmd                             0x080064e5   Thumb Code    18  stm32f10x_usart.o(.text)
    USART_SetAddress                         0x080064f7   Thumb Code    18  stm32f10x_usart.o(.text)
    USART_WakeUpConfig                       0x08006509   Thumb Code    18  stm32f10x_usart.o(.text)
    USART_ReceiverWakeUpCmd                  0x0800651b   Thumb Code    24  stm32f10x_usart.o(.text)
    USART_LINBreakDetectLengthConfig         0x08006533   Thumb Code    18  stm32f10x_usart.o(.text)
    USART_LINCmd                             0x08006545   Thumb Code    24  stm32f10x_usart.o(.text)
    USART_SendData                           0x0800655d   Thumb Code     8  stm32f10x_usart.o(.text)
    USART_ReceiveData                        0x08006565   Thumb Code    10  stm32f10x_usart.o(.text)
    USART_SendBreak                          0x0800656f   Thumb Code    10  stm32f10x_usart.o(.text)
    USART_SetGuardTime                       0x08006579   Thumb Code    16  stm32f10x_usart.o(.text)
    USART_SetPrescaler                       0x08006589   Thumb Code    16  stm32f10x_usart.o(.text)
    USART_SmartCardCmd                       0x08006599   Thumb Code    24  stm32f10x_usart.o(.text)
    USART_SmartCardNACKCmd                   0x080065b1   Thumb Code    24  stm32f10x_usart.o(.text)
    USART_HalfDuplexCmd                      0x080065c9   Thumb Code    24  stm32f10x_usart.o(.text)
    USART_OverSampling8Cmd                   0x080065e1   Thumb Code    22  stm32f10x_usart.o(.text)
    USART_OneBitMethodCmd                    0x080065f7   Thumb Code    24  stm32f10x_usart.o(.text)
    USART_IrDAConfig                         0x0800660f   Thumb Code    18  stm32f10x_usart.o(.text)
    USART_IrDACmd                            0x08006621   Thumb Code    24  stm32f10x_usart.o(.text)
    USART_GetFlagStatus                      0x08006639   Thumb Code    26  stm32f10x_usart.o(.text)
    USART_ClearFlag                          0x08006653   Thumb Code    18  stm32f10x_usart.o(.text)
    USART_GetITStatus                        0x08006665   Thumb Code    84  stm32f10x_usart.o(.text)
    USART_ClearITPendingBit                  0x080066b9   Thumb Code    52  stm32f10x_usart.o(.text)
    FSMC_NORSRAMDeInit                       0x080066ed   Thumb Code    54  stm32f10x_fsmc.o(.text)
    FSMC_NANDDeInit                          0x08006723   Thumb Code    62  stm32f10x_fsmc.o(.text)
    FSMC_PCCARDDeInit                        0x08006761   Thumb Code    36  stm32f10x_fsmc.o(.text)
    FSMC_NORSRAMInit                         0x08006785   Thumb Code   230  stm32f10x_fsmc.o(.text)
    FSMC_NANDInit                            0x0800686b   Thumb Code   132  stm32f10x_fsmc.o(.text)
    FSMC_PCCARDInit                          0x080068ef   Thumb Code   130  stm32f10x_fsmc.o(.text)
    FSMC_NORSRAMStructInit                   0x08006971   Thumb Code   114  stm32f10x_fsmc.o(.text)
    FSMC_NANDStructInit                      0x080069e3   Thumb Code    54  stm32f10x_fsmc.o(.text)
    FSMC_PCCARDStructInit                    0x08006a19   Thumb Code    60  stm32f10x_fsmc.o(.text)
    FSMC_NORSRAMCmd                          0x08006a55   Thumb Code    46  stm32f10x_fsmc.o(.text)
    FSMC_NANDCmd                             0x08006a83   Thumb Code    86  stm32f10x_fsmc.o(.text)
    FSMC_PCCARDCmd                           0x08006ad9   Thumb Code    44  stm32f10x_fsmc.o(.text)
    FSMC_NANDECCCmd                          0x08006b05   Thumb Code    90  stm32f10x_fsmc.o(.text)
    FSMC_GetECC                              0x08006b5f   Thumb Code    24  stm32f10x_fsmc.o(.text)
    FSMC_ITConfig                            0x08006b77   Thumb Code   128  stm32f10x_fsmc.o(.text)
    FSMC_GetFlagStatus                       0x08006bf7   Thumb Code    54  stm32f10x_fsmc.o(.text)
    FSMC_ClearFlag                           0x08006c2d   Thumb Code    62  stm32f10x_fsmc.o(.text)
    FSMC_GetITStatus                         0x08006c6b   Thumb Code    64  stm32f10x_fsmc.o(.text)
    FSMC_ClearITPendingBit                   0x08006cab   Thumb Code    68  stm32f10x_fsmc.o(.text)
    TIM_DeInit                               0x08006cf9   Thumb Code   424  stm32f10x_tim.o(.text)
    TIM_TimeBaseInit                         0x08006ea1   Thumb Code   122  stm32f10x_tim.o(.text)
    TIM_OC1Init                              0x08006f1b   Thumb Code   132  stm32f10x_tim.o(.text)
    TIM_OC2Init                              0x08006f9f   Thumb Code   154  stm32f10x_tim.o(.text)
    TIM_OC3Init                              0x08007039   Thumb Code   150  stm32f10x_tim.o(.text)
    TIM_OC4Init                              0x080070cf   Thumb Code   182  stm32f10x_tim.o(.text)
    TIM_SetIC4Prescaler                      0x08007185   Thumb Code    26  stm32f10x_tim.o(.text)
    TIM_SetIC3Prescaler                      0x08007221   Thumb Code    18  stm32f10x_tim.o(.text)
    TIM_SetIC2Prescaler                      0x080072ad   Thumb Code    26  stm32f10x_tim.o(.text)
    TIM_SetIC1Prescaler                      0x08007349   Thumb Code    18  stm32f10x_tim.o(.text)
    TIM_ICInit                               0x080073c7   Thumb Code   150  stm32f10x_tim.o(.text)
    TIM_PWMIConfig                           0x0800745d   Thumb Code   124  stm32f10x_tim.o(.text)
    TIM_BDTRConfig                           0x080074d9   Thumb Code    32  stm32f10x_tim.o(.text)
    TIM_TimeBaseStructInit                   0x080074f9   Thumb Code    18  stm32f10x_tim.o(.text)
    TIM_OCStructInit                         0x0800750b   Thumb Code    20  stm32f10x_tim.o(.text)
    TIM_ICStructInit                         0x0800751f   Thumb Code    18  stm32f10x_tim.o(.text)
    TIM_BDTRStructInit                       0x08007531   Thumb Code    40  stm32f10x_tim.o(.text)
    TIM_Cmd                                  0x08007559   Thumb Code    24  stm32f10x_tim.o(.text)
    TIM_CtrlPWMOutputs                       0x08007571   Thumb Code    30  stm32f10x_tim.o(.text)
    TIM_ITConfig                             0x0800758f   Thumb Code    18  stm32f10x_tim.o(.text)
    TIM_GenerateEvent                        0x080075a1   Thumb Code     4  stm32f10x_tim.o(.text)
    TIM_DMAConfig                            0x080075a5   Thumb Code    10  stm32f10x_tim.o(.text)
    TIM_DMACmd                               0x080075af   Thumb Code    18  stm32f10x_tim.o(.text)
    TIM_InternalClockConfig                  0x080075c1   Thumb Code    12  stm32f10x_tim.o(.text)
    TIM_SelectInputTrigger                   0x080075cd   Thumb Code    18  stm32f10x_tim.o(.text)
    TIM_ITRxExternalClockConfig              0x080075df   Thumb Code    24  stm32f10x_tim.o(.text)
    TIM_TIxExternalClockConfig               0x080075f7   Thumb Code    62  stm32f10x_tim.o(.text)
    TIM_ETRConfig                            0x08007635   Thumb Code    28  stm32f10x_tim.o(.text)
    TIM_ETRClockMode1Config                  0x08007651   Thumb Code    54  stm32f10x_tim.o(.text)
    TIM_ETRClockMode2Config                  0x08007687   Thumb Code    32  stm32f10x_tim.o(.text)
    TIM_PrescalerConfig                      0x080076a7   Thumb Code     6  stm32f10x_tim.o(.text)
    TIM_CounterModeConfig                    0x080076ad   Thumb Code    18  stm32f10x_tim.o(.text)
    TIM_EncoderInterfaceConfig               0x080076bf   Thumb Code    66  stm32f10x_tim.o(.text)
    TIM_ForcedOC1Config                      0x08007701   Thumb Code    18  stm32f10x_tim.o(.text)
    TIM_ForcedOC2Config                      0x08007713   Thumb Code    26  stm32f10x_tim.o(.text)
    TIM_ForcedOC3Config                      0x0800772d   Thumb Code    18  stm32f10x_tim.o(.text)
    TIM_ForcedOC4Config                      0x0800773f   Thumb Code    26  stm32f10x_tim.o(.text)
    TIM_ARRPreloadConfig                     0x08007759   Thumb Code    24  stm32f10x_tim.o(.text)
    TIM_SelectCOM                            0x08007771   Thumb Code    24  stm32f10x_tim.o(.text)
    TIM_SelectCCDMA                          0x08007789   Thumb Code    24  stm32f10x_tim.o(.text)
    TIM_CCPreloadControl                     0x080077a1   Thumb Code    24  stm32f10x_tim.o(.text)
    TIM_OC1PreloadConfig                     0x080077b9   Thumb Code    18  stm32f10x_tim.o(.text)
    TIM_OC2PreloadConfig                     0x080077cb   Thumb Code    26  stm32f10x_tim.o(.text)
    TIM_OC3PreloadConfig                     0x080077e5   Thumb Code    18  stm32f10x_tim.o(.text)
    TIM_OC4PreloadConfig                     0x080077f7   Thumb Code    26  stm32f10x_tim.o(.text)
    TIM_OC1FastConfig                        0x08007811   Thumb Code    18  stm32f10x_tim.o(.text)
    TIM_OC2FastConfig                        0x08007823   Thumb Code    26  stm32f10x_tim.o(.text)
    TIM_OC3FastConfig                        0x0800783d   Thumb Code    18  stm32f10x_tim.o(.text)
    TIM_OC4FastConfig                        0x0800784f   Thumb Code    26  stm32f10x_tim.o(.text)
    TIM_ClearOC1Ref                          0x08007869   Thumb Code    18  stm32f10x_tim.o(.text)
    TIM_ClearOC2Ref                          0x0800787b   Thumb Code    24  stm32f10x_tim.o(.text)
    TIM_ClearOC3Ref                          0x08007893   Thumb Code    18  stm32f10x_tim.o(.text)
    TIM_ClearOC4Ref                          0x080078a5   Thumb Code    24  stm32f10x_tim.o(.text)
    TIM_OC1PolarityConfig                    0x080078bd   Thumb Code    18  stm32f10x_tim.o(.text)
    TIM_OC1NPolarityConfig                   0x080078cf   Thumb Code    18  stm32f10x_tim.o(.text)
    TIM_OC2PolarityConfig                    0x080078e1   Thumb Code    26  stm32f10x_tim.o(.text)
    TIM_OC2NPolarityConfig                   0x080078fb   Thumb Code    26  stm32f10x_tim.o(.text)
    TIM_OC3PolarityConfig                    0x08007915   Thumb Code    26  stm32f10x_tim.o(.text)
    TIM_OC3NPolarityConfig                   0x0800792f   Thumb Code    26  stm32f10x_tim.o(.text)
    TIM_OC4PolarityConfig                    0x08007949   Thumb Code    26  stm32f10x_tim.o(.text)
    TIM_CCxCmd                               0x08007963   Thumb Code    30  stm32f10x_tim.o(.text)
    TIM_CCxNCmd                              0x08007981   Thumb Code    30  stm32f10x_tim.o(.text)
    TIM_SelectOCxM                           0x0800799f   Thumb Code    82  stm32f10x_tim.o(.text)
    TIM_UpdateDisableConfig                  0x080079f1   Thumb Code    24  stm32f10x_tim.o(.text)
    TIM_UpdateRequestConfig                  0x08007a09   Thumb Code    24  stm32f10x_tim.o(.text)
    TIM_SelectHallSensor                     0x08007a21   Thumb Code    24  stm32f10x_tim.o(.text)
    TIM_SelectOnePulseMode                   0x08007a39   Thumb Code    18  stm32f10x_tim.o(.text)
    TIM_SelectOutputTrigger                  0x08007a4b   Thumb Code    18  stm32f10x_tim.o(.text)
    TIM_SelectSlaveMode                      0x08007a5d   Thumb Code    18  stm32f10x_tim.o(.text)
    TIM_SelectMasterSlaveMode                0x08007a6f   Thumb Code    18  stm32f10x_tim.o(.text)
    TIM_SetCounter                           0x08007a81   Thumb Code     4  stm32f10x_tim.o(.text)
    TIM_SetAutoreload                        0x08007a85   Thumb Code     4  stm32f10x_tim.o(.text)
    TIM_SetCompare1                          0x08007a89   Thumb Code     4  stm32f10x_tim.o(.text)
    TIM_SetCompare2                          0x08007a8d   Thumb Code     4  stm32f10x_tim.o(.text)
    TIM_SetCompare3                          0x08007a91   Thumb Code     4  stm32f10x_tim.o(.text)
    TIM_SetCompare4                          0x08007a95   Thumb Code     6  stm32f10x_tim.o(.text)
    TIM_SetClockDivision                     0x08007a9b   Thumb Code    18  stm32f10x_tim.o(.text)
    TIM_GetCapture1                          0x08007aad   Thumb Code     6  stm32f10x_tim.o(.text)
    TIM_GetCapture2                          0x08007ab3   Thumb Code     6  stm32f10x_tim.o(.text)
    TIM_GetCapture3                          0x08007ab9   Thumb Code     6  stm32f10x_tim.o(.text)
    TIM_GetCapture4                          0x08007abf   Thumb Code     8  stm32f10x_tim.o(.text)
    TIM_GetCounter                           0x08007ac7   Thumb Code     6  stm32f10x_tim.o(.text)
    TIM_GetPrescaler                         0x08007acd   Thumb Code     6  stm32f10x_tim.o(.text)
    TIM_GetFlagStatus                        0x08007ad3   Thumb Code    18  stm32f10x_tim.o(.text)
    TIM_ClearFlag                            0x08007ae5   Thumb Code     6  stm32f10x_tim.o(.text)
    TIM_GetITStatus                          0x08007aeb   Thumb Code    34  stm32f10x_tim.o(.text)
    TIM_ClearITPendingBit                    0x08007b0d   Thumb Code     6  stm32f10x_tim.o(.text)
    usmart_sys_cmd_exe                       0x08007b15   Thumb Code  1554  usmart.o(.text)
    usmart_reset_runtime                     0x08008127   Thumb Code    38  usmart.o(.text)
    usmart_get_runtime                       0x0800814d   Thumb Code    60  usmart.o(.text)
    TIM4_IRQHandler                          0x08008189   Thumb Code    46  usmart.o(.text)
    Timer4_Init                              0x080081b7   Thumb Code    88  usmart.o(.text)
    usmart_init                              0x0800820f   Thumb Code    36  usmart.o(.text)
    usmart_cmd_rec                           0x08008233   Thumb Code   170  usmart.o(.text)
    usmart_exe                               0x080082dd   Thumb Code   870  usmart.o(.text)
    usmart_scan                              0x08008643   Thumb Code   120  usmart.o(.text)
    read_addr                                0x080086bb   Thumb Code     6  usmart.o(.text)
    write_addr                               0x080086c1   Thumb Code     4  usmart.o(.text)
    usmart_strcmp                            0x0800874d   Thumb Code    34  usmart_str.o(.text)
    usmart_strcopy                           0x0800876f   Thumb Code    22  usmart_str.o(.text)
    usmart_strlen                            0x08008785   Thumb Code    24  usmart_str.o(.text)
    usmart_pow                               0x0800879d   Thumb Code    22  usmart_str.o(.text)
    usmart_str2num                           0x080087b3   Thumb Code   202  usmart_str.o(.text)
    usmart_get_cmdname                       0x0800887d   Thumb Code    54  usmart_str.o(.text)
    usmart_search_nextc                      0x080088b3   Thumb Code    22  usmart_str.o(.text)
    usmart_get_fname                         0x080088c9   Thumb Code   440  usmart_str.o(.text)
    usmart_get_aparm                         0x08008a81   Thumb Code   200  usmart_str.o(.text)
    usmart_get_parmpos                       0x08008b49   Thumb Code    26  usmart_str.o(.text)
    usmart_get_fparam                        0x08008b63   Thumb Code   262  usmart_str.o(.text)
    __use_no_semihosting                     0x08008c75   Thumb Code     2  use_no_semi_2.o(.text)
    __2printf                                0x08008c79   Thumb Code    20  noretval__2printf.o(.text)
    _printf_pre_padding                      0x08008c91   Thumb Code    44  _printf_pad.o(.text)
    _printf_post_padding                     0x08008cbd   Thumb Code    34  _printf_pad.o(.text)
    _printf_str                              0x08008cdf   Thumb Code    82  _printf_str.o(.text)
    _printf_int_dec                          0x08008d31   Thumb Code   104  _printf_dec.o(.text)
    _printf_int_hex                          0x08008da9   Thumb Code    84  _printf_hex_int.o(.text)
    _printf_longlong_hex                     0x08008da9   Thumb Code     0  _printf_hex_int.o(.text)
    __printf                                 0x08008e01   Thumb Code   388  __printf_flags_ss_wp.o(.text)
    __use_two_region_memory                  0x08008f89   Thumb Code     2  heapauxi.o(.text)
    __rt_heap_escrow$2region                 0x08008f8b   Thumb Code     2  heapauxi.o(.text)
    __rt_heap_expand$2region                 0x08008f8d   Thumb Code     2  heapauxi.o(.text)
    __I$use$semihosting                      0x08008f8f   Thumb Code     0  use_no_semi.o(.text)
    __use_no_semihosting_swi                 0x08008f8f   Thumb Code     2  use_no_semi.o(.text)
    _printf_int_common                       0x08008f91   Thumb Code   178  _printf_intcommon.o(.text)
    _printf_cs_common                        0x08009043   Thumb Code    20  _printf_char.o(.text)
    _printf_char                             0x08009057   Thumb Code    16  _printf_char.o(.text)
    _printf_string                           0x08009067   Thumb Code     8  _printf_char.o(.text)
    _printf_char_file                        0x08009071   Thumb Code    32  _printf_char_file.o(.text)
    _printf_char_common                      0x0800909f   Thumb Code    32  _printf_char_common.o(.text)
    ferror                                   0x080090c5   Thumb Code     8  ferror.o(.text)
    __user_setup_stackheap                   0x080090cd   Thumb Code    74  sys_stackheap_outer.o(.text)
    exit                                     0x08009117   Thumb Code    18  exit.o(.text)
    __user_libspace                          0x08009129   Thumb Code     8  libspace.o(.text)
    __user_perproc_libspace                  0x08009129   Thumb Code     0  libspace.o(.text)
    __user_perthread_libspace                0x08009129   Thumb Code     0  libspace.o(.text)
    _is_digit                                0x08009131   Thumb Code    14  __printf_wp.o(i._is_digit)
    __aeabi_d2uiz                            0x08009141   Thumb Code     0  dfixu.o(x$fpl$dfixu)
    _dfixu                                   0x08009141   Thumb Code    90  dfixu.o(x$fpl$dfixu)
    __aeabi_ui2d                             0x0800919b   Thumb Code     0  dflt_clz.o(x$fpl$dfltu)
    _dfltu                                   0x0800919b   Thumb Code    38  dflt_clz.o(x$fpl$dfltu)
    __aeabi_dmul                             0x080091c1   Thumb Code     0  dmul.o(x$fpl$dmul)
    _dmul                                    0x080091c1   Thumb Code   332  dmul.o(x$fpl$dmul)
    __fpl_dnaninf                            0x08009315   Thumb Code   156  dnaninf.o(x$fpl$dnaninf)
    __fpl_dretinf                            0x080093b1   Thumb Code    12  dretinf.o(x$fpl$dretinf)
    __I$use$fp                               0x080093bc   Number         0  usenofp.o(x$fpl$usenofp)
    asc2_1206                                0x080093bc   Data        1140  lcd.o(.constdata)
    asc2_1608                                0x08009830   Data        1520  lcd.o(.constdata)
    asc2_2412                                0x08009e20   Data        3420  lcd.o(.constdata)
    F6x8                                     0x0800ab7c   Data         552  oled.o(.constdata)
    F8X16                                    0x0800ada4   Data        1520  oled.o(.constdata)
    Region$$Table$$Base                      0x0800b5f0   Number         0  anon$$obj.o(Region$$Table)
    Region$$Table$$Limit                     0x0800b610   Number         0  anon$$obj.o(Region$$Table)
    SystemCoreClock                          0x20000000   Data           4  system_stm32f10x.o(.data)
    AHBPrescTable                            0x20000004   Data          16  system_stm32f10x.o(.data)
    Tx4Counter                               0x20000014   Data           1  uart4.o(.data)
    count4                                   0x20000015   Data           1  uart4.o(.data)
    X_red_data                               0x20000018   Data           2  openmv.o(.data)
    Y_red_data                               0x2000001a   Data           2  openmv.o(.data)
    X_green_data                             0x2000001c   Data           2  openmv.o(.data)
    Y_green_data                             0x2000001e   Data           2  openmv.o(.data)
    X_blue_data                              0x20000020   Data           2  openmv.o(.data)
    Y_blue_data                              0x20000022   Data           2  openmv.o(.data)
    get_color                                0x20000024   Data           2  openmv.o(.data)
    i                                        0x20000028   Data           4  openmv.o(.data)
    POINT_COLOR                              0x2000002e   Data           2  lcd.o(.data)
    BACK_COLOR                               0x20000030   Data           2  lcd.o(.data)
    Hzk                                      0x20000032   Data         448  oled.o(.data)
    __stdout                                 0x200001f8   Data           4  usart.o(.data)
    USART_RX_STA                             0x200001fc   Data           2  usart.o(.data)
    sys_cmd_tab                              0x20000214   Data          28  usmart.o(.data)
    usmart_nametab                           0x20000230   Data          96  usmart_config.o(.data)
    usmart_dev                               0x20000290   Data         244  usmart_config.o(.data)
    Tx4Buffer                                0x20000384   Data         256  uart4.o(.bss)
    openmv                                   0x20000484   Data          72  openmv.o(.bss)
    lcddev                                   0x200004cc   Data          14  lcd.o(.bss)
    USART_RX_BUF                             0x200004da   Data         200  usart.o(.bss)
    __libspace_start                         0x200005a4   Data          96  libspace.o(.bss)
    __temporary_stack_top$libspace           0x20000604   Data           0  libspace.o(.bss)



==============================================================================

Memory Map of the image

  Image Entry point : 0x08000131

  Load Region LR_IROM1 (Base: 0x08000000, Size: 0x0000b994, Max: 0x00080000, ABSOLUTE, COMPRESSED[0x0000b76c])

    Execution Region ER_IROM1 (Exec base: 0x08000000, Load base: 0x08000000, Size: 0x0000b610, Max: 0x00080000, ABSOLUTE)

    Exec Addr    Load Addr    Size         Type   Attr      Idx    E Section Name        Object

    0x08000000   0x08000000   0x00000130   Data   RO          359    RESET               startup_stm32f10x_hd.o
    0x08000130   0x08000130   0x00000008   Code   RO          604  * !!!main             c_w.l(__main.o)
    0x08000138   0x08000138   0x00000034   Code   RO          793    !!!scatter          c_w.l(__scatter.o)
    0x0800016c   0x0800016c   0x0000005a   Code   RO          791    !!dczerorl2         c_w.l(__dczerorl2.o)
    0x080001c6   0x080001c6   0x00000002   PAD
    0x080001c8   0x080001c8   0x0000001c   Code   RO          795    !!handler_zi        c_w.l(__scatter_zi.o)
    0x080001e4   0x080001e4   0x00000000   Code   RO          601    .ARM.Collect$$_printf_percent$$00000000  c_w.l(_printf_percent.o)
    0x080001e4   0x080001e4   0x00000006   Code   RO          599    .ARM.Collect$$_printf_percent$$00000009  c_w.l(_printf_d.o)
    0x080001ea   0x080001ea   0x00000006   Code   RO          600    .ARM.Collect$$_printf_percent$$0000000A  c_w.l(_printf_u.o)
    0x080001f0   0x080001f0   0x00000006   Code   RO          598    .ARM.Collect$$_printf_percent$$0000000C  c_w.l(_printf_x.o)
    0x080001f6   0x080001f6   0x00000006   Code   RO          596    .ARM.Collect$$_printf_percent$$00000013  c_w.l(_printf_c.o)
    0x080001fc   0x080001fc   0x00000006   Code   RO          597    .ARM.Collect$$_printf_percent$$00000014  c_w.l(_printf_s.o)
    0x08000202   0x08000202   0x00000004   Code   RO          627    .ARM.Collect$$_printf_percent$$00000017  c_w.l(_printf_percent_end.o)
    0x08000206   0x08000206   0x00000002   Code   RO          665    .ARM.Collect$$libinit$$00000000  c_w.l(libinit.o)
    0x08000208   0x08000208   0x00000000   Code   RO          672    .ARM.Collect$$libinit$$00000002  c_w.l(libinit2.o)
    0x08000208   0x08000208   0x00000000   Code   RO          674    .ARM.Collect$$libinit$$00000004  c_w.l(libinit2.o)
    0x08000208   0x08000208   0x00000000   Code   RO          677    .ARM.Collect$$libinit$$0000000A  c_w.l(libinit2.o)
    0x08000208   0x08000208   0x00000000   Code   RO          679    .ARM.Collect$$libinit$$0000000C  c_w.l(libinit2.o)
    0x08000208   0x08000208   0x00000000   Code   RO          681    .ARM.Collect$$libinit$$0000000E  c_w.l(libinit2.o)
    0x08000208   0x08000208   0x00000000   Code   RO          684    .ARM.Collect$$libinit$$00000011  c_w.l(libinit2.o)
    0x08000208   0x08000208   0x00000000   Code   RO          686    .ARM.Collect$$libinit$$00000013  c_w.l(libinit2.o)
    0x08000208   0x08000208   0x00000000   Code   RO          688    .ARM.Collect$$libinit$$00000015  c_w.l(libinit2.o)
    0x08000208   0x08000208   0x00000000   Code   RO          690    .ARM.Collect$$libinit$$00000017  c_w.l(libinit2.o)
    0x08000208   0x08000208   0x00000000   Code   RO          692    .ARM.Collect$$libinit$$00000019  c_w.l(libinit2.o)
    0x08000208   0x08000208   0x00000000   Code   RO          694    .ARM.Collect$$libinit$$0000001B  c_w.l(libinit2.o)
    0x08000208   0x08000208   0x00000000   Code   RO          696    .ARM.Collect$$libinit$$0000001D  c_w.l(libinit2.o)
    0x08000208   0x08000208   0x00000000   Code   RO          698    .ARM.Collect$$libinit$$0000001F  c_w.l(libinit2.o)
    0x08000208   0x08000208   0x00000000   Code   RO          700    .ARM.Collect$$libinit$$00000021  c_w.l(libinit2.o)
    0x08000208   0x08000208   0x00000000   Code   RO          702    .ARM.Collect$$libinit$$00000023  c_w.l(libinit2.o)
    0x08000208   0x08000208   0x00000000   Code   RO          704    .ARM.Collect$$libinit$$00000025  c_w.l(libinit2.o)
    0x08000208   0x08000208   0x00000000   Code   RO          708    .ARM.Collect$$libinit$$0000002C  c_w.l(libinit2.o)
    0x08000208   0x08000208   0x00000000   Code   RO          710    .ARM.Collect$$libinit$$0000002E  c_w.l(libinit2.o)
    0x08000208   0x08000208   0x00000000   Code   RO          712    .ARM.Collect$$libinit$$00000030  c_w.l(libinit2.o)
    0x08000208   0x08000208   0x00000000   Code   RO          714    .ARM.Collect$$libinit$$00000032  c_w.l(libinit2.o)
    0x08000208   0x08000208   0x00000002   Code   RO          715    .ARM.Collect$$libinit$$00000033  c_w.l(libinit2.o)
    0x0800020a   0x0800020a   0x00000002   Code   RO          733    .ARM.Collect$$libshutdown$$00000000  c_w.l(libshutdown.o)
    0x0800020c   0x0800020c   0x00000000   Code   RO          743    .ARM.Collect$$libshutdown$$00000002  c_w.l(libshutdown2.o)
    0x0800020c   0x0800020c   0x00000000   Code   RO          745    .ARM.Collect$$libshutdown$$00000004  c_w.l(libshutdown2.o)
    0x0800020c   0x0800020c   0x00000000   Code   RO          748    .ARM.Collect$$libshutdown$$00000007  c_w.l(libshutdown2.o)
    0x0800020c   0x0800020c   0x00000000   Code   RO          751    .ARM.Collect$$libshutdown$$0000000A  c_w.l(libshutdown2.o)
    0x0800020c   0x0800020c   0x00000000   Code   RO          753    .ARM.Collect$$libshutdown$$0000000C  c_w.l(libshutdown2.o)
    0x0800020c   0x0800020c   0x00000000   Code   RO          756    .ARM.Collect$$libshutdown$$0000000F  c_w.l(libshutdown2.o)
    0x0800020c   0x0800020c   0x00000002   Code   RO          757    .ARM.Collect$$libshutdown$$00000010  c_w.l(libshutdown2.o)
    0x0800020e   0x0800020e   0x00000000   Code   RO          620    .ARM.Collect$$rtentry$$00000000  c_w.l(__rtentry.o)
    0x0800020e   0x0800020e   0x00000000   Code   RO          634    .ARM.Collect$$rtentry$$00000002  c_w.l(__rtentry2.o)
    0x0800020e   0x0800020e   0x00000006   Code   RO          646    .ARM.Collect$$rtentry$$00000004  c_w.l(__rtentry4.o)
    0x08000214   0x08000214   0x00000000   Code   RO          636    .ARM.Collect$$rtentry$$00000009  c_w.l(__rtentry2.o)
    0x08000214   0x08000214   0x00000004   Code   RO          637    .ARM.Collect$$rtentry$$0000000A  c_w.l(__rtentry2.o)
    0x08000218   0x08000218   0x00000000   Code   RO          639    .ARM.Collect$$rtentry$$0000000C  c_w.l(__rtentry2.o)
    0x08000218   0x08000218   0x00000008   Code   RO          640    .ARM.Collect$$rtentry$$0000000D  c_w.l(__rtentry2.o)
    0x08000220   0x08000220   0x00000002   Code   RO          669    .ARM.Collect$$rtexit$$00000000  c_w.l(rtexit.o)
    0x08000222   0x08000222   0x00000000   Code   RO          717    .ARM.Collect$$rtexit$$00000002  c_w.l(rtexit2.o)
    0x08000222   0x08000222   0x00000004   Code   RO          718    .ARM.Collect$$rtexit$$00000003  c_w.l(rtexit2.o)
    0x08000226   0x08000226   0x00000006   Code   RO          719    .ARM.Collect$$rtexit$$00000004  c_w.l(rtexit2.o)
    0x0800022c   0x0800022c   0x000001c4   Code   RO            1    .text               main.o
    0x080003f0   0x080003f0   0x0000001a   Code   RO          149    .text               stm32f10x_it.o
    0x0800040a   0x0800040a   0x00000002   PAD
    0x0800040c   0x0800040c   0x000001e0   Code   RO          190    .text               system_stm32f10x.o
    0x080005ec   0x080005ec   0x00000168   Code   RO          208    .text               uart4.o
    0x08000754   0x08000754   0x00000248   Code   RO          227    .text               openmv.o
    0x0800099c   0x0800099c   0x00004a5c   Code   RO          247    .text               lcd.o
    0x080053f8   0x080053f8   0x000004ba   Code   RO          274    .text               oled.o
    0x080058b2   0x080058b2   0x00000002   PAD
    0x080058b4   0x080058b4   0x000000d4   Code   RO          293    .text               delay.o
    0x08005988   0x08005988   0x00000140   Code   RO          324    .text               usart.o
    0x08005ac8   0x08005ac8   0x00000040   Code   RO          360    .text               startup_stm32f10x_hd.o
    0x08005b08   0x08005b08   0x000000dc   Code   RO          364    .text               misc.o
    0x08005be4   0x08005be4   0x0000035c   Code   RO          376    .text               stm32f10x_gpio.o
    0x08005f40   0x08005f40   0x000003a4   Code   RO          388    .text               stm32f10x_rcc.o
    0x080062e4   0x080062e4   0x00000408   Code   RO          402    .text               stm32f10x_usart.o
    0x080066ec   0x080066ec   0x0000060c   Code   RO          414    .text               stm32f10x_fsmc.o
    0x08006cf8   0x08006cf8   0x00000e1a   Code   RO          474    .text               stm32f10x_tim.o
    0x08007b12   0x08007b12   0x00000002   PAD
    0x08007b14   0x08007b14   0x00000c38   Code   RO          498    .text               usmart.o
    0x0800874c   0x0800874c   0x00000528   Code   RO          527    .text               usmart_str.o
    0x08008c74   0x08008c74   0x00000002   Code   RO          541    .text               c_w.l(use_no_semi_2.o)
    0x08008c76   0x08008c76   0x00000002   PAD
    0x08008c78   0x08008c78   0x00000018   Code   RO          545    .text               c_w.l(noretval__2printf.o)
    0x08008c90   0x08008c90   0x0000004e   Code   RO          549    .text               c_w.l(_printf_pad.o)
    0x08008cde   0x08008cde   0x00000052   Code   RO          551    .text               c_w.l(_printf_str.o)
    0x08008d30   0x08008d30   0x00000078   Code   RO          553    .text               c_w.l(_printf_dec.o)
    0x08008da8   0x08008da8   0x00000058   Code   RO          558    .text               c_w.l(_printf_hex_int.o)
    0x08008e00   0x08008e00   0x00000188   Code   RO          593    .text               c_w.l(__printf_flags_ss_wp.o)
    0x08008f88   0x08008f88   0x00000006   Code   RO          602    .text               c_w.l(heapauxi.o)
    0x08008f8e   0x08008f8e   0x00000002   Code   RO          618    .text               c_w.l(use_no_semi.o)
    0x08008f90   0x08008f90   0x000000b2   Code   RO          621    .text               c_w.l(_printf_intcommon.o)
    0x08009042   0x08009042   0x0000002c   Code   RO          623    .text               c_w.l(_printf_char.o)
    0x0800906e   0x0800906e   0x00000002   PAD
    0x08009070   0x08009070   0x00000024   Code   RO          625    .text               c_w.l(_printf_char_file.o)
    0x08009094   0x08009094   0x00000030   Code   RO          648    .text               c_w.l(_printf_char_common.o)
    0x080090c4   0x080090c4   0x00000008   Code   RO          650    .text               c_w.l(ferror.o)
    0x080090cc   0x080090cc   0x0000004a   Code   RO          654    .text               c_w.l(sys_stackheap_outer.o)
    0x08009116   0x08009116   0x00000012   Code   RO          658    .text               c_w.l(exit.o)
    0x08009128   0x08009128   0x00000008   Code   RO          666    .text               c_w.l(libspace.o)
    0x08009130   0x08009130   0x0000000e   Code   RO          586    i._is_digit         c_w.l(__printf_wp.o)
    0x0800913e   0x0800913e   0x00000002   PAD
    0x08009140   0x08009140   0x0000005a   Code   RO          606    x$fpl$dfixu         fz_ws.l(dfixu.o)
    0x0800919a   0x0800919a   0x00000026   Code   RO          610    x$fpl$dfltu         fz_ws.l(dflt_clz.o)
    0x080091c0   0x080091c0   0x00000154   Code   RO          616    x$fpl$dmul          fz_ws.l(dmul.o)
    0x08009314   0x08009314   0x0000009c   Code   RO          628    x$fpl$dnaninf       fz_ws.l(dnaninf.o)
    0x080093b0   0x080093b0   0x0000000c   Code   RO          630    x$fpl$dretinf       fz_ws.l(dretinf.o)
    0x080093bc   0x080093bc   0x00000000   Code   RO          632    x$fpl$usenofp       fz_ws.l(usenofp.o)
    0x080093bc   0x080093bc   0x000017c0   Data   RO          249    .constdata          lcd.o
    0x0800ab7c   0x0800ab7c   0x00000818   Data   RO          275    .constdata          oled.o
    0x0800b394   0x0800b394   0x00000028   Data   RO          559    .constdata          c_w.l(_printf_hex_int.o)
    0x0800b3bc   0x0800b3bc   0x00000011   Data   RO          594    .constdata          c_w.l(__printf_flags_ss_wp.o)
    0x0800b3cd   0x0800b3cd   0x00000003   PAD
    0x0800b3d0   0x0800b3d0   0x00000028   Data   RO          499    .conststring        usmart.o
    0x0800b3f8   0x0800b3f8   0x000001f7   Data   RO          514    .conststring        usmart_config.o
    0x0800b5ef   0x0800b5ef   0x00000001   PAD
    0x0800b5f0   0x0800b5f0   0x00000020   Data   RO          789    Region$$Table       anon$$obj.o


    Execution Region RW_IRAM1 (Exec base: 0x20000000, Load base: 0x0800b610, Size: 0x00000c08, Max: 0x00010000, ABSOLUTE, COMPRESSED[0x0000015c])

    Exec Addr    Load Addr    Size         Type   Attr      Idx    E Section Name        Object

    0x20000000   COMPRESSED   0x00000014   Data   RW          191    .data               system_stm32f10x.o
    0x20000014   COMPRESSED   0x00000002   Data   RW          210    .data               uart4.o
    0x20000016   COMPRESSED   0x00000002   PAD
    0x20000018   COMPRESSED   0x00000015   Data   RW          229    .data               openmv.o
    0x2000002d   COMPRESSED   0x00000001   PAD
    0x2000002e   COMPRESSED   0x00000004   Data   RW          250    .data               lcd.o
    0x20000032   COMPRESSED   0x000001c0   Data   RW          276    .data               oled.o
    0x200001f2   COMPRESSED   0x00000004   Data   RW          294    .data               delay.o
    0x200001f6   COMPRESSED   0x00000002   PAD
    0x200001f8   COMPRESSED   0x00000006   Data   RW          326    .data               usart.o
    0x200001fe   COMPRESSED   0x00000014   Data   RW          389    .data               stm32f10x_rcc.o
    0x20000212   COMPRESSED   0x00000002   PAD
    0x20000214   COMPRESSED   0x0000001c   Data   RW          500    .data               usmart.o
    0x20000230   COMPRESSED   0x00000154   Data   RW          515    .data               usmart_config.o
    0x20000384        -       0x00000100   Zero   RW          209    .bss                uart4.o
    0x20000484        -       0x00000048   Zero   RW          228    .bss                openmv.o
    0x200004cc        -       0x0000000e   Zero   RW          248    .bss                lcd.o
    0x200004da        -       0x000000c8   Zero   RW          325    .bss                usart.o
    0x200005a2   COMPRESSED   0x00000002   PAD
    0x200005a4        -       0x00000060   Zero   RW          667    .bss                c_w.l(libspace.o)
    0x20000604   COMPRESSED   0x00000004   PAD
    0x20000608        -       0x00000200   Zero   RW          358    HEAP                startup_stm32f10x_hd.o
    0x20000808        -       0x00000400   Zero   RW          357    STACK               startup_stm32f10x_hd.o


==============================================================================

Image component sizes


      Code (inc. data)   RO Data    RW Data    ZI Data      Debug   Object Name

       212         18          0          4          0       1019   delay.o
     19036        162       6080          4         14      22186   lcd.o
       452         26          0          0          0     261167   main.o
       220         22          0          0          0       1777   misc.o
      1210         22       2072        448          0       4833   oled.o
       584         42          0         21         72       1907   openmv.o
        64         26        304          0       1536        784   startup_stm32f10x_hd.o
      1548         18          0          0          0       5351   stm32f10x_fsmc.o
       860         38          0          0          0       5709   stm32f10x_gpio.o
        26          0          0          0          0       1166   stm32f10x_it.o
       932         36          0         20          0       8872   stm32f10x_rcc.o
      3610         88          0          0          0      22816   stm32f10x_tim.o
      1032         22          0          0          0       8432   stm32f10x_usart.o
         0          0          0          0          0         32   sys.o
       480         38          0         20          0       1703   system_stm32f10x.o
       360         22          0          2        256       1863   uart4.o
       320         16          0          6        200       3134   usart.o
      3128       1288         40         28          0       4338   usmart.o
         0          0        503        340          0       1532   usmart_config.o
      1320         12          0          0          0       5201   usmart_str.o

    ----------------------------------------------------------------------
     35400       1896       9032        900       2080     363822   Object Totals
         0          0         32          0          0          0   (incl. Generated)
         6          0          1          7          2          0   (incl. Padding)

    ----------------------------------------------------------------------

      Code (inc. data)   RO Data    RW Data    ZI Data      Debug   Library Member Name

        90          0          0          0          0          0   __dczerorl2.o
         8          0          0          0          0         68   __main.o
       392          4         17          0          0         92   __printf_flags_ss_wp.o
        14          0          0          0          0         68   __printf_wp.o
         0          0          0          0          0          0   __rtentry.o
        12          0          0          0          0          0   __rtentry2.o
         6          0          0          0          0          0   __rtentry4.o
        52          8          0          0          0          0   __scatter.o
        28          0          0          0          0          0   __scatter_zi.o
         6          0          0          0          0          0   _printf_c.o
        44          0          0          0          0        108   _printf_char.o
        48          6          0          0          0         96   _printf_char_common.o
        36          4          0          0          0         80   _printf_char_file.o
         6          0          0          0          0          0   _printf_d.o
       120         16          0          0          0         92   _printf_dec.o
        88          4         40          0          0         88   _printf_hex_int.o
       178          0          0          0          0         88   _printf_intcommon.o
        78          0          0          0          0        108   _printf_pad.o
         0          0          0          0          0          0   _printf_percent.o
         4          0          0          0          0          0   _printf_percent_end.o
         6          0          0          0          0          0   _printf_s.o
        82          0          0          0          0         80   _printf_str.o
         6          0          0          0          0          0   _printf_u.o
         6          0          0          0          0          0   _printf_x.o
        18          0          0          0          0         80   exit.o
         8          0          0          0          0         68   ferror.o
         6          0          0          0          0        152   heapauxi.o
         2          0          0          0          0          0   libinit.o
         2          0          0          0          0          0   libinit2.o
         2          0          0          0          0          0   libshutdown.o
         2          0          0          0          0          0   libshutdown2.o
         8          4          0          0         96         68   libspace.o
        24          4          0          0          0         84   noretval__2printf.o
         2          0          0          0          0          0   rtexit.o
        10          0          0          0          0          0   rtexit2.o
        74          0          0          0          0         80   sys_stackheap_outer.o
         2          0          0          0          0         68   use_no_semi.o
         2          0          0          0          0         68   use_no_semi_2.o
        90          4          0          0          0         92   dfixu.o
        38          0          0          0          0         68   dflt_clz.o
       340         12          0          0          0        104   dmul.o
       156          4          0          0          0         92   dnaninf.o
        12          0          0          0          0         68   dretinf.o
         0          0          0          0          0          0   usenofp.o

    ----------------------------------------------------------------------
      2116         70         60          0        100       2060   Library Totals
         8          0          3          0          4          0   (incl. Padding)

    ----------------------------------------------------------------------

      Code (inc. data)   RO Data    RW Data    ZI Data      Debug   Library Name

      1472         50         57          0         96       1636   c_w.l
       636         20          0          0          0        424   fz_ws.l

    ----------------------------------------------------------------------
      2116         70         60          0        100       2060   Library Totals

    ----------------------------------------------------------------------

==============================================================================


      Code (inc. data)   RO Data    RW Data    ZI Data      Debug   

     37516       1966       9092        900       2180     363226   Grand Totals
     37516       1966       9092        348       2180     363226   ELF Image Totals (compressed)
     37516       1966       9092        348          0          0   ROM Totals

==============================================================================

    Total RO  Size (Code + RO Data)                46608 (  45.52kB)
    Total RW  Size (RW Data + ZI Data)              3080 (   3.01kB)
    Total ROM Size (Code + RO Data + RW Data)      46956 (  45.86kB)

==============================================================================

